01:22:03  INFO     ğŸŸ¢ Logging initialised â†’ logs
01:22:03  INFO     ğŸ›   Using global config config\config.yaml
01:22:03  INFO     âš™ï¸  Loaded mapping settings: MappingSettings(default_schema='GNG', default_dataset_pattern='Underlag_{authority}', default_fc_pattern='{authority}_{source_name}', validate_datasets=True, create_missing_datasets=True, skip_unmappable_sources=False)
01:22:03  INFO     âœ… Loaded 1 mappings from config\mappings.yaml
01:22:03  INFO     ğŸ—ºï¸  Mapping manager initialized with 1 mappings
01:22:03  INFO     ğŸ“Š Metrics collector initialized (max_points=10000)
01:22:03  INFO     ğŸ” Pipeline monitor initialized
01:22:03  INFO     âš¡ Parallel processor initialized: max_workers=2
01:22:03  INFO     ğŸš€ Started pipeline run: pipeline_1753399323
01:22:03  INFO     ğŸ§¹ Starting pre-pipeline cleanup...
01:22:03  INFO     ğŸ“ Downloads folder is already empty
01:22:03  INFO     ğŸ“ Staging folder is already empty
01:22:03  INFO     ğŸ“ Folders already clean, ready to start pipeline
01:22:03  INFO     âœ… Loaded 53 sources from config\sources.yaml
01:22:03  INFO     ğŸ”— Single resource download mode for 'FÃ¶rsvarsmakten - RikstÃ¤ckande geodata' from URL: https://www.forsvarsmakten.se/siteassets/2-om-forsvarsmakten/samhallsplanering/geodata/rikstackande-geodata-forsvarsmakten.zip
01:22:03  WARNING      HEAD request for Content-Disposition failed for https://www.forsvarsmakten.se/siteassets/2-om-forsvarsmakten/samhallsplanering/geodata/rikstackande-geodata-forsvarsmakten.zip: HTTP Error 403: Forbidden. Will fall back to URL basename.
01:22:03  INFO         Derived filename by unquoting URL basename ('https://www.forsvarsmakten.se/siteassets/2-om-forsvarsmakten/samhallsplanering/geodata/rikstackande-geodata-forsvarsmakten.zip'): rikstackande-geodata-forsvarsmakten.zip
01:22:03  INFO     â¬‡ forsvarsmakten_-_rikstackande_geodata.zip
01:22:03  INFO     âœ… forsvarsmakten_-_rikstackande_geodata.zip
01:22:03  INFO     Determined staged_data_type: 'shapefile_collection' for downloaded file 'forsvarsmakten_-_rikstackande_geodata.zip'
01:22:03  INFO     ğŸ“¦ Extracting forsvarsmakten_-_rikstackande_geodata.zip â†’ C:\Git\ETL-pipeline\data\staging\FM\forsvarsmakten_-_rikstackande_geodata
01:22:03  INFO     â• Extracted and staged archive forsvarsmakten_-_rikstackande_geodata.zip to data\staging\FM\forsvarsmakten_-_rikstackande_geodata
01:22:03  INFO     ğŸ”— Multi-part download mode for 'NaturvÃ¥rdsverket - NaturvÃ¥rdsregistret' (19 archives from base URL 'https://geodata.naturvardsverket.se/nedladdning/naturvardsregistret/')â€¦
01:22:03  INFO     ğŸš€ Starting concurrent download of 19 files
01:22:03  INFO     Initialized ConcurrentDownloadManager with 4 workers
01:22:03  ERROR    âŒ Failed to fetch source 'NaturvÃ¥rdsverket - NaturvÃ¥rdsregistret': ConcurrentFileDownloader.download_files_concurrent() got an unexpected keyword argument 'max_workers'
01:22:03  INFO     ğŸ”„ Attempting recovery from TypeError in download_source_NaturvÃ¥rdsverket - NaturvÃ¥rdsregistret: ConcurrentFileDownloader.download_files_concurrent() got an unexpected keyword argument 'max_workers'
01:22:03  WARNING  â­ï¸ Skipping failed operation: download_source_NaturvÃ¥rdsverket - NaturvÃ¥rdsregistret
01:22:03  INFO     âœ… Recovery successful using skip strategy
01:22:03  INFO     ğŸŒ Reading Atom feed for source 'MiljÃ¶riskomrÃ¥de' from URL: https://ext-dokument.lansstyrelsen.se/gemensamt/geodata/ATOM/ATOM_lst.LST_Miljoriskomrade.xml
01:22:04  INFO     â¬‡ miljoriskomrade_feed.xml (1.0 KB)
01:22:04  INFO     âœ… miljoriskomrade_feed.xml
01:22:04  INFO     Target staging directory for all content from Atom source 'MiljÃ¶riskomrÃ¥de': data\staging\LST\miljoriskomrade
01:22:04  INFO     Found linked resource in Atom feed for 'MiljÃ¶riskomrÃ¥de': https://ext-dokument.lansstyrelsen.se/gemensamt/geodata/ShapeExport/lst.LST_Miljoriskomrade.zip
01:22:04  INFO         Derived filename by unquoting URL basename ('https://ext-dokument.lansstyrelsen.se/gemensamt/geodata/ShapeExport/lst.LST_Miljoriskomrade.zip'): lst.LST_Miljoriskomrade.zip
01:22:04  INFO     Attempting to download linked resource: https://ext-dokument.lansstyrelsen.se/gemensamt/geodata/ShapeExport/lst.LST_Miljoriskomrade.zip 
        -> to local file: lst_lst_miljoriskomrade.zip
01:22:04  INFO     â¬‡ lst_lst_miljoriskomrade.zip (74.2 KB)
01:22:04  INFO     âœ… lst_lst_miljoriskomrade.zip
01:22:04  INFO     Downloaded file 'lst_lst_miljoriskomrade.zip' is a ZIP archive. Extracting...
01:22:04  INFO     ğŸ“¦ Extracting lst_lst_miljoriskomrade.zip â†’ C:\Git\ETL-pipeline\data\staging\LST\miljoriskomrade
01:22:04  INFO     â• Extracted and staged archive lst_lst_miljoriskomrade.zip into data\staging\LST\miljoriskomrade
01:22:04  INFO     Source 'MiljÃ¶riskomrÃ¥de' expects a GPKG. Searching in extracted contents of lst_lst_miljoriskomrade.zip...
01:22:04  INFO     Renaming/moving extracted GPKG 'lst.LST_Miljoriskomrade.gpkg' to 'miljoriskomrade.gpkg'
01:22:04  INFO     âœ… Successfully staged GPKG 'miljoriskomrade.gpkg' for source 'MiljÃ¶riskomrÃ¥de'.
01:22:04  INFO     ğŸŒ Reading Atom feed for source 'Vindkraftskollen: Vindkraftverk' from URL: https://ext-dokument.lansstyrelsen.se/gemensamt/geodata/ATOM/ATOM_lst.vbk_vindkraftverk.xml
01:22:04  INFO     â¬‡ vindkraftskollen_vindkraftverk_feed.xml (1.0 KB)
01:22:04  INFO     âœ… vindkraftskollen_vindkraftverk_feed.xml
01:22:04  INFO     Target staging directory for all content from Atom source 'Vindkraftskollen: Vindkraftverk': data\staging\LST\vindkraftskollen_vindkraftverk
01:22:04  INFO     Found linked resource in Atom feed for 'Vindkraftskollen: Vindkraftverk': https://ext-dokument.lansstyrelsen.se/gemensamt/geodata/ShapeExport/lst.vbk_vindkraftverk.zip
01:22:05  INFO         Derived filename by unquoting URL basename ('https://ext-dokument.lansstyrelsen.se/gemensamt/geodata/ShapeExport/lst.vbk_vindkraftverk.zip'): lst.vbk_vindkraftverk.zip
01:22:05  INFO     Attempting to download linked resource: https://ext-dokument.lansstyrelsen.se/gemensamt/geodata/ShapeExport/lst.vbk_vindkraftverk.zip 
        -> to local file: lst_vbk_vindkraftverk.zip
01:22:05  INFO     â¬‡ lst_vbk_vindkraftverk.zip (4.1 MB)
01:22:06  INFO     âœ… lst_vbk_vindkraftverk.zip
01:22:06  INFO     Downloaded file 'lst_vbk_vindkraftverk.zip' is a ZIP archive. Extracting...
01:22:06  INFO     ğŸ“¦ Extracting lst_vbk_vindkraftverk.zip â†’ C:\Git\ETL-pipeline\data\staging\LST\vindkraftskollen_vindkraftverk
01:22:06  INFO     â• Extracted and staged archive lst_vbk_vindkraftverk.zip into data\staging\LST\vindkraftskollen_vindkraftverk
01:22:06  INFO     Source 'Vindkraftskollen: Vindkraftverk' expects a GPKG. Searching in extracted contents of lst_vbk_vindkraftverk.zip...
01:22:06  INFO     Renaming/moving extracted GPKG 'lst.vbk_vindkraftverk.gpkg' to 'vindkraftskollen_vindkraftverk.gpkg'
01:22:06  INFO     âœ… Successfully staged GPKG 'vindkraftskollen_vindkraftverk.gpkg' for source 'Vindkraftskollen: Vindkraftverk'.
01:22:06  INFO     ğŸŒ Reading Atom feed for source 'Vindkraftskollen: ProjekteringsomrÃ¥den' from URL: https://ext-dokument.lansstyrelsen.se/gemensamt/geodata/ATOM/ATOM_lst.vbk_projekteringsomraden.xml
01:22:06  INFO     â¬‡ vindkraftskollen_projekteringsomraden_feed.xml (1.0 KB)
01:22:06  INFO     âœ… vindkraftskollen_projekteringsomraden_feed.xml
01:22:06  INFO     Target staging directory for all content from Atom source 'Vindkraftskollen: ProjekteringsomrÃ¥den': data\staging\LST\vindkraftskollen_projekteringsomraden
01:22:06  INFO     Found linked resource in Atom feed for 'Vindkraftskollen: ProjekteringsomrÃ¥den': https://ext-dokument.lansstyrelsen.se/gemensamt/geodata/ShapeExport/lst.vbk_projekteringsomraden.zip
01:22:06  INFO         Derived filename by unquoting URL basename ('https://ext-dokument.lansstyrelsen.se/gemensamt/geodata/ShapeExport/lst.vbk_projekteringsomraden.zip'): lst.vbk_projekteringsomraden.zip
01:22:06  INFO     Attempting to download linked resource: https://ext-dokument.lansstyrelsen.se/gemensamt/geodata/ShapeExport/lst.vbk_projekteringsomraden.zip 
        -> to local file: lst_vbk_projekteringsomraden.zip
01:22:06  INFO     â¬‡ lst_vbk_projekteringsomraden.zip (4.5 MB)
01:22:07  INFO     âœ… lst_vbk_projekteringsomraden.zip
01:22:07  INFO     Downloaded file 'lst_vbk_projekteringsomraden.zip' is a ZIP archive. Extracting...
01:22:07  INFO     ğŸ“¦ Extracting lst_vbk_projekteringsomraden.zip â†’ C:\Git\ETL-pipeline\data\staging\LST\vindkraftskollen_projekteringsomraden
01:22:07  INFO     â• Extracted and staged archive lst_vbk_projekteringsomraden.zip into data\staging\LST\vindkraftskollen_projekteringsomraden
01:22:07  INFO     Source 'Vindkraftskollen: ProjekteringsomrÃ¥den' expects a GPKG. Searching in extracted contents of lst_vbk_projekteringsomraden.zip...
01:22:07  INFO     Renaming/moving extracted GPKG 'lst.vbk_projekteringsomraden.gpkg' to 'vindkraftskollen_projekteringsomraden.gpkg'
01:22:07  INFO     âœ… Successfully staged GPKG 'vindkraftskollen_projekteringsomraden.gpkg' for source 'Vindkraftskollen: ProjekteringsomrÃ¥den'.
01:22:07  INFO     ğŸ”— Single resource download mode for 'Potentiellt fÃ¶rorenade omrÃ¥den' from URL: https://ext-dokument.lansstyrelsen.se/Gemensamt/Geodata/Datadistribution/SWEREF99TM/EBH_Potentiellt_fororenade_omraden.zip
01:22:07  INFO         Derived filename by unquoting URL basename ('https://ext-dokument.lansstyrelsen.se/Gemensamt/Geodata/Datadistribution/SWEREF99TM/EBH_Potentiellt_fororenade_omraden.zip'): EBH_Potentiellt_fororenade_omraden.zip
01:22:07  INFO     â¬‡ potentiellt_fororenade_omraden.zip (5.0 MB)
01:22:08  INFO     âœ… potentiellt_fororenade_omraden.zip
01:22:08  INFO     Determined staged_data_type: 'shapefile_collection' for downloaded file 'potentiellt_fororenade_omraden.zip'
01:22:08  INFO     ğŸ“¦ Extracting potentiellt_fororenade_omraden.zip â†’ C:\Git\ETL-pipeline\data\staging\LST\potentiellt_fororenade_omraden
01:22:08  INFO     â• Extracted and staged archive potentiellt_fororenade_omraden.zip to data\staging\LST\potentiellt_fororenade_omraden
01:22:08  INFO     ğŸš€ Initializing RestApiDownloadHandler for source: Riksintressen
01:22:08  INFO     ğŸŒ Processing REST API source: 'Riksintressen' from URL: https://ext-geodata-nationella.lansstyrelsen.se/arcgis/rest/services/LST/lst_lst_riksintressen_4/MapServer
01:22:09  INFO     Found explicit layer_ids in config: [0] for source 'Riksintressen'. Processing only these.
01:22:09  INFO     Source 'Riksintressen': Will attempt to query 1 layer(s): ['0']
01:22:09  INFO     ğŸšš lst_riksintresse_rorligt_friluftsliv_mb4kap_1plus2
01:22:09  INFO     âœ… lst_riksintresse_rorligt_friluftsliv_mb4kap_1plus2: 6 features
01:22:09  INFO     ğŸš€ Initializing RestApiDownloadHandler for source: Riksintressen - Vindbruk
01:22:09  INFO     ğŸŒ Processing REST API source: 'Riksintressen - Vindbruk' from URL: https://ext-geodata-nationella.lansstyrelsen.se/arcgis/rest/services/LST/lst_lst_riksintressen_vindbruk_4/MapServer
01:22:09  WARNING  âš ï¸ No layers identified or specified to query for source 'Riksintressen - Vindbruk'. Check service metadata and `layer_ids` config.
01:22:09  INFO     ğŸš€ Initializing RestApiDownloadHandler for source: LstD FÃ¶reskrifter
01:22:09  INFO     ğŸŒ Processing REST API source: 'LstD FÃ¶reskrifter' from URL: https://ext-geodata-lokala-visning.lansstyrelsen.se/arcgis/rest/services/LSTD/LstD_Foreskrifter_EXT/MapServer
01:22:09  INFO     No explicit layer_ids in config for source 'LstD FÃ¶reskrifter'. Discovering all layers from service metadata.
01:22:09  INFO     Source 'LstD FÃ¶reskrifter': Will attempt to query 1 layer(s): ['0']
01:22:09  INFO     ğŸšš lstd_sjotrafikforeskrifter
01:22:12  INFO     âœ… lstd_sjotrafikforeskrifter: 61 features
01:22:12  INFO     ğŸš€ Initializing RestApiDownloadHandler for source: LstD Fysisk planering
01:22:12  INFO     ğŸŒ Processing REST API source: 'LstD Fysisk planering' from URL: https://ext-geodata-lokala-visning.lansstyrelsen.se/arcgis/rest/services/LSTD/LstD_Fysisk_planering_EXT/MapServer
01:22:12  WARNING  âš ï¸ No layers identified or specified to query for source 'LstD Fysisk planering'. Check service metadata and `layer_ids` config.
01:22:12  INFO     ğŸš€ Initializing RestApiDownloadHandler for source: LstD Ett rikt odlingslandskap
01:22:12  INFO     ğŸŒ Processing REST API source: 'LstD Ett rikt odlingslandskap' from URL: https://ext-geodata-lokala-visning.lansstyrelsen.se/arcgis/rest/services/LSTD/LstD_GI_Ett_rikt_odlingslandskap_EXT/MapServer
01:22:13  INFO     Found explicit layer_ids in config: [2, 3, 4, 5, 6] for source 'LstD Ett rikt odlingslandskap'. Processing only these.
01:22:13  INFO     Source 'LstD Ett rikt odlingslandskap': Will attempt to query 5 layer(s): ['2', '3', '4', '5', '6']
01:22:13  INFO     ğŸš€ Starting concurrent download of 5 layers
01:22:13  INFO     Initialized ConcurrentDownloadManager with 5 workers
01:22:13  INFO     Starting concurrent download of 5 layers
01:22:13  INFO     Starting concurrent execution of 5 tasks with 5 workers
01:22:13  INFO     Concurrent execution completed: 0/5 successful (0.0%), avg=0.00s, max=0.00s, total=0.00s
01:22:13  INFO     ğŸ Concurrent downloads completed: 0 successful, 5 failed
01:22:13  ERROR    âŒ Layer download failed: layer_LstD GI Betesmark - Exempelanalys - SpridningslÃ¤nkar mellan kluster - Under 500 m - name 'time' is not defined
01:22:13  ERROR    âŒ Layer download failed: layer_LstD GI Jordbruksmark - TvÃ¤rvillkorselement - Ytor - name 'time' is not defined
01:22:13  ERROR    âŒ Layer download failed: layer_LstD GI VÃ¤rdetrakter naturbetesmark - name 'time' is not defined
01:22:13  ERROR    âŒ Layer download failed: layer_LstD GI Betesmark - Exempelanalys - Kluster av betesmarker - Buffert 250 m - name 'time' is not defined
01:22:13  ERROR    âŒ Layer download failed: layer_LstD GI Jordbruksmark - Ã…kerholmar - name 'time' is not defined
01:22:13  INFO     ğŸš€ Initializing RestApiDownloadHandler for source: LstD Friluftsliv
01:22:13  INFO     ğŸŒ Processing REST API source: 'LstD Friluftsliv' from URL: https://ext-geodata-lokala-visning.lansstyrelsen.se/arcgis/rest/services/LSTD/LstD_GI_Friluftsliv_EXT/MapServer
01:22:13  INFO     Found explicit layer_ids in config: [0, 1, 2, 3, 4] for source 'LstD Friluftsliv'. Processing only these.
01:22:13  WARNING  Layer ID '0' specified in config for source 'LstD Friluftsliv' was not found in the service's layer metadata list. Will attempt to query it using this ID and a placeholder name.
01:22:13  WARNING  Layer ID '1' specified in config for source 'LstD Friluftsliv' was not found in the service's layer metadata list. Will attempt to query it using this ID and a placeholder name.
01:22:13  WARNING  Layer ID '2' specified in config for source 'LstD Friluftsliv' was not found in the service's layer metadata list. Will attempt to query it using this ID and a placeholder name.
01:22:13  WARNING  Layer ID '3' specified in config for source 'LstD Friluftsliv' was not found in the service's layer metadata list. Will attempt to query it using this ID and a placeholder name.
01:22:13  WARNING  Layer ID '4' specified in config for source 'LstD Friluftsliv' was not found in the service's layer metadata list. Will attempt to query it using this ID and a placeholder name.
01:22:13  INFO     Source 'LstD Friluftsliv': Will attempt to query 5 layer(s): ['0', '1', '2', '3', '4']
01:22:13  INFO     ğŸš€ Starting concurrent download of 5 layers
01:22:13  INFO     Starting concurrent download of 5 layers
01:22:13  INFO     Starting concurrent execution of 5 tasks with 5 workers
01:22:13  INFO     Concurrent execution completed: 0/5 successful (0.0%), avg=0.00s, max=0.00s, total=0.00s
01:22:13  INFO     ğŸ Concurrent downloads completed: 0 successful, 5 failed
01:22:13  ERROR    âŒ Layer download failed: layer_layer_0_cfg_only - name 'time' is not defined
01:22:13  ERROR    âŒ Layer download failed: layer_layer_1_cfg_only - name 'time' is not defined
01:22:13  ERROR    âŒ Layer download failed: layer_layer_2_cfg_only - name 'time' is not defined
01:22:13  ERROR    âŒ Layer download failed: layer_layer_3_cfg_only - name 'time' is not defined
01:22:13  ERROR    âŒ Layer download failed: layer_layer_4_cfg_only - name 'time' is not defined
01:22:13  INFO     ğŸš€ Initializing RestApiDownloadHandler for source: LstD God bebyggd miljÃ¶
01:22:13  INFO     ğŸŒ Processing REST API source: 'LstD God bebyggd miljÃ¶' from URL: https://ext-geodata-lokala-visning.lansstyrelsen.se/arcgis/rest/services/LSTD/LstD_GI_God_bebyggd_miljo_EXT/MapServer
01:22:14  INFO     No explicit layer_ids in config for source 'LstD God bebyggd miljÃ¶'. Discovering all layers from service metadata.
01:22:14  INFO     Source 'LstD God bebyggd miljÃ¶': Will attempt to query 1 layer(s): ['0']
01:22:14  INFO     ğŸšš lstd_gi_opaverkade_omraden_-_avgransning
01:22:15  INFO     âœ… lstd_gi_opaverkade_omraden_-_avgransning: 10 features
01:22:15  INFO     ğŸš€ Initializing RestApiDownloadHandler for source: LstD Hav i balans
01:22:15  INFO     ğŸŒ Processing REST API source: 'LstD Hav i balans' from URL: https://ext-geodata-lokala-visning.lansstyrelsen.se/arcgis/rest/services/LSTD/LstD_GI_Hav_i_balans_EXT/MapServer
01:22:15  INFO     No explicit layer_ids in config for source 'LstD Hav i balans'. Discovering all layers from service metadata.
01:22:15  INFO     Source 'LstD Hav i balans': Will attempt to query 1 layer(s): ['0']
01:22:15  INFO     ğŸšš lstd_gi_marina_naturvarden_-_inventering
01:22:16  INFO     â„¹ï¸ lstd_gi_marina_naturvarden_-_inventering: no features
01:22:16  INFO     ğŸš€ Initializing RestApiDownloadHandler for source: LstD Levande sjÃ¶ar och vattendrag
01:22:16  INFO     ğŸŒ Processing REST API source: 'LstD Levande sjÃ¶ar och vattendrag' from URL: https://ext-geodata-lokala-visning.lansstyrelsen.se/arcgis/rest/services/LSTD/LstD_GI_Levande_sjoar_och_vattendrag_EXT/MapServer
01:22:16  INFO     Found explicit layer_ids in config: [2, 3, 7, 8, 9, 10, 11, 12, 13, 14, 15, 16, 17] for source 'LstD Levande sjÃ¶ar och vattendrag'. Processing only these.
01:22:16  INFO     Source 'LstD Levande sjÃ¶ar och vattendrag': Will attempt to query 13 layer(s): ['2', '3', '7', '8', '9', '10', '11', '12', '13', '14', '15', '16', '17']
01:22:16  INFO     ğŸš€ Starting concurrent download of 13 layers
01:22:16  INFO     Starting concurrent download of 13 layers
01:22:16  INFO     Starting concurrent execution of 13 tasks with 5 workers
01:22:16  INFO     Concurrent execution completed: 0/13 successful (0.0%), avg=0.00s, max=0.00s, total=0.00s
01:22:16  INFO     ğŸ Concurrent downloads completed: 0 successful, 13 failed
01:22:16  ERROR    âŒ Layer download failed: layer_LstD GI SÃ¶tvatten - Tjockskalig mÃ¥larmussla - name 'time' is not defined
01:22:16  ERROR    âŒ Layer download failed: layer_LstD GI SÃ¶tvatten - KortskottsvÃ¤xter - name 'time' is not defined
01:22:16  ERROR    âŒ Layer download failed: layer_LstD GI AnsvarsomrÃ¥de sÃ¶tvatten LÃ¤nsstyrelsen i SÃ¶dermanlands lÃ¤n - name 'time' is not defined
01:22:16  ERROR    âŒ Layer download failed: layer_LstD GI VÃ¤rdetrakter HjÃ¤lmar-, MÃ¤lar- och kustmynnande vattendrag (inkl MÃ¤laren och HjÃ¤lmaren) - name 'time' is not defined
01:22:16  ERROR    âŒ Layer download failed: layer_LstD GI VÃ¤rdetrakter KilaÃ¥ns avrinningsomrÃ¥de - name 'time' is not defined
01:22:16  ERROR    âŒ Layer download failed: layer_LstD GI VÃ¤rdetrakter klarvattensjÃ¶ar med kortskottsvÃ¤xter - name 'time' is not defined
01:22:16  ERROR    âŒ Layer download failed: layer_LstD GI VÃ¤rdetrakter malens rike - name 'time' is not defined
01:22:16  ERROR    âŒ Layer download failed: layer_LstD GI VÃ¤rdetrakter nÃ¤tverk fÃ¶r tjockskalig mÃ¥larmussla - name 'time' is not defined
01:22:16  ERROR    âŒ Layer download failed: layer_LstD GI SÃ¶tvatten - KlarvattensjÃ¶ar och kortskottsvÃ¤xter - name 'time' is not defined
01:22:16  ERROR    âŒ Layer download failed: layer_LstD GI SÃ¶tvatten - SjÃ¶ar med rÃ¶dlistade arter - name 'time' is not defined
01:22:16  ERROR    âŒ Layer download failed: layer_LstD GI SÃ¶tvatten - SjÃ¶ar med konnektivitetsarter - name 'time' is not defined
01:22:16  ERROR    âŒ Layer download failed: layer_LstD GI SÃ¶tvatten - Fosforbeting totalt i kg (omrÃ¥de) - name 'time' is not defined
01:22:16  ERROR    âŒ Layer download failed: layer_LstD GI SÃ¶tvatten - Fosforbeting per arealenhet - name 'time' is not defined
01:22:16  INFO     ğŸš€ Initializing RestApiDownloadHandler for source: LstD Levande skogar
01:22:16  INFO     ğŸŒ Processing REST API source: 'LstD Levande skogar' from URL: https://ext-geodata-lokala-visning.lansstyrelsen.se/arcgis/rest/services/LSTD/LstD_GI_Levande_skogar_EXT/MapServer
01:22:16  INFO     Found explicit layer_ids in config: [0] for source 'LstD Levande skogar'. Processing only these.
01:22:16  INFO     Source 'LstD Levande skogar': Will attempt to query 1 layer(s): ['0']
01:22:16  INFO     ğŸšš lstd_gi_vardekarnor_adellovmiljoer_inkl_skyddsvarda_trad
01:22:33  INFO     âœ… lstd_gi_vardekarnor_adellovmiljoer_inkl_skyddsvarda_trad: 2783 features
01:22:33  INFO     ğŸš€ Initializing RestApiDownloadHandler for source: LstD Klimat
01:22:33  INFO     ğŸŒ Processing REST API source: 'LstD Klimat' from URL: https://ext-geodata-lokala-visning.lansstyrelsen.se/arcgis/rest/services/LSTD/LstD_Klimat_EXT/MapServer
01:22:33  INFO     Found explicit layer_ids in config: [2, 3, 4, 5, 6] for source 'LstD Klimat'. Processing only these.
01:22:33  INFO     Source 'LstD Klimat': Will attempt to query 5 layer(s): ['2', '3', '4', '5', '6']
01:22:33  INFO     ğŸš€ Starting concurrent download of 5 layers
01:22:33  INFO     Starting concurrent download of 5 layers
01:22:33  INFO     Starting concurrent execution of 5 tasks with 5 workers
01:22:33  INFO     Concurrent execution completed: 0/5 successful (0.0%), avg=0.00s, max=0.00s, total=0.00s
01:22:33  INFO     ğŸ Concurrent downloads completed: 0 successful, 5 failed
01:22:33  ERROR    âŒ Layer download failed: layer_LstD Klimatanpassning - Rekommenderad lÃ¤gsta grundlÃ¤ggningsnivÃ¥ fÃ¶r ny bebyggelse - MÃ¤laren - name 'time' is not defined
01:22:33  ERROR    âŒ Layer download failed: layer_LstD Klimatanpassning - KustÃ¶versvÃ¤mning - HHW10 2012 - name 'time' is not defined
01:22:33  ERROR    âŒ Layer download failed: layer_LstD Klimatanpassning - KustÃ¶versvÃ¤mning - HHW100 2012 - name 'time' is not defined
01:22:33  ERROR    âŒ Layer download failed: layer_LstD Klimatanpassning - KustÃ¶versvÃ¤mning - HHW10 2100 - name 'time' is not defined
01:22:33  ERROR    âŒ Layer download failed: layer_LstD Klimatanpassning - KustÃ¶versvÃ¤mning - HHW100 2100 - name 'time' is not defined
01:22:33  INFO     ğŸš€ Initializing RestApiDownloadHandler for source: LstD KulturmiljÃ¶
01:22:33  INFO     ğŸŒ Processing REST API source: 'LstD KulturmiljÃ¶' from URL: https://ext-geodata-lokala-visning.lansstyrelsen.se/arcgis/rest/services/LSTD/LstD_Kulturmiljo_EXT/MapServer
01:22:33  INFO     Found explicit layer_ids in config: [1] for source 'LstD KulturmiljÃ¶'. Processing only these.
01:22:33  INFO     Source 'LstD KulturmiljÃ¶': Will attempt to query 1 layer(s): ['1']
01:22:33  INFO     ğŸšš lstd_anmalningsplikt_enligt_kml_3_6
01:22:35  INFO     âœ… lstd_anmalningsplikt_enligt_kml_3_6: 68 features
01:22:35  INFO     ğŸš€ Initializing RestApiDownloadHandler for source: LstD Markavvattning
01:22:35  INFO     ğŸŒ Processing REST API source: 'LstD Markavvattning' from URL: https://ext-geodata-lokala-visning.lansstyrelsen.se/arcgis/rest/services/LSTD/LstD_Markavvattning_EXT/MapServer
01:22:35  INFO     Found explicit layer_ids in config: [2, 3, 4, 5, 6] for source 'LstD Markavvattning'. Processing only these.
01:22:35  INFO     Source 'LstD Markavvattning': Will attempt to query 5 layer(s): ['2', '3', '4', '5', '6']
01:22:35  INFO     ğŸš€ Starting concurrent download of 5 layers
01:22:35  INFO     Starting concurrent download of 5 layers
01:22:35  INFO     Starting concurrent execution of 5 tasks with 5 workers
01:22:35  INFO     Concurrent execution completed: 0/5 successful (0.0%), avg=0.00s, max=0.00s, total=0.00s
01:22:35  INFO     ğŸ Concurrent downloads completed: 0 successful, 5 failed
01:22:35  ERROR    âŒ Layer download failed: layer_LstD MarkavvattningsfÃ¶retag - BÃ¥tnadsomrÃ¥de - Yta - name 'time' is not defined
01:22:35  ERROR    âŒ Layer download failed: layer_LstD LantbruksnÃ¤mnden Markavvattning - Dikningsregister - name 'time' is not defined
01:22:35  ERROR    âŒ Layer download failed: layer_LstD LantbruksnÃ¤mnden Markavvattning - TÃ¤ckdikningsregister - name 'time' is not defined
01:22:35  ERROR    âŒ Layer download failed: layer_LstD LantbruksnÃ¤mnden Markavvattning - Blandat arkivmaterial - name 'time' is not defined
01:22:35  ERROR    âŒ Layer download failed: layer_LstD LM Markavvattning - VattenfÃ¶rrÃ¤ttningar fÃ¶re 1935 - name 'time' is not defined
01:22:35  INFO     ğŸš€ Initializing RestApiDownloadHandler for source: LstD Markstabilitet
01:22:35  INFO     ğŸŒ Processing REST API source: 'LstD Markstabilitet' from URL: https://ext-geodata-lokala-visning.lansstyrelsen.se/arcgis/rest/services/LSTD/LstD_Markstabilitet_EXT/MapServer
01:22:36  INFO     No explicit layer_ids in config for source 'LstD Markstabilitet'. Discovering all layers from service metadata.
01:22:36  INFO     Source 'LstD Markstabilitet': Will attempt to query 1 layer(s): ['0']
01:22:36  INFO     ğŸšš lstd_msb_oversiktlig_stabilitetskartering_-_90-talet_-_finkorniga_jordarter
01:22:38  INFO     âœ… lstd_msb_oversiktlig_stabilitetskartering_-_90-talet_-_finkorniga_jordarter: 52 features
01:22:38  INFO     ğŸš€ Initializing RestApiDownloadHandler for source: LstD NaturkartlÃ¤ggning
01:22:38  INFO     ğŸŒ Processing REST API source: 'LstD NaturkartlÃ¤ggning' from URL: https://ext-geodata-lokala-visning.lansstyrelsen.se/arcgis/rest/services/LSTD/LstD_Naturkartlaggning_EXT/MapServer
01:22:39  INFO     No explicit layer_ids in config for source 'LstD NaturkartlÃ¤ggning'. Discovering all layers from service metadata.
01:22:39  INFO     Source 'LstD NaturkartlÃ¤ggning': Will attempt to query 1 layer(s): ['0']
01:22:39  INFO     ğŸšš lstd_sormlands_natur_-_naturvardsprogram_1991
01:22:41  INFO     âœ… lstd_sormlands_natur_-_naturvardsprogram_1991: 245 features
01:22:41  INFO     ğŸš€ Initializing RestApiDownloadHandler for source: LstD Skog och trÃ¤d
01:22:41  INFO     ğŸŒ Processing REST API source: 'LstD Skog och trÃ¤d' from URL: https://ext-geodata-lokala-visning.lansstyrelsen.se/arcgis/rest/services/LSTD/LstD_Skog_och_trad_EXT/MapServer
01:22:42  INFO     No explicit layer_ids in config for source 'LstD Skog och trÃ¤d'. Discovering all layers from service metadata.
01:22:42  INFO     Source 'LstD Skog och trÃ¤d': Will attempt to query 3 layer(s): ['0', '1', '2']
01:22:42  INFO     ğŸš€ Starting concurrent download of 3 layers
01:22:42  INFO     Starting concurrent download of 3 layers
01:22:42  INFO     Starting concurrent execution of 3 tasks with 5 workers
01:22:42  INFO     Concurrent execution completed: 0/3 successful (0.0%), avg=0.00s, max=0.00s, total=0.00s
01:22:42  INFO     ğŸ Concurrent downloads completed: 0 successful, 3 failed
01:22:42  ERROR    âŒ Layer download failed: layer_LstD AllÃ©inventering - name 'time' is not defined
01:22:42  ERROR    âŒ Layer download failed: layer_LstD KÃ¤llskogar (extern) - name 'time' is not defined
01:22:42  ERROR    âŒ Layer download failed: layer_LstD Skogliga vÃ¤rdetrakter - name 'time' is not defined
01:22:42  INFO     ğŸš€ Initializing RestApiDownloadHandler for source: LstD GI VÃ¤rdetrakter vÃ¥tmark
01:22:42  INFO     ğŸŒ Processing REST API source: 'LstD GI VÃ¤rdetrakter vÃ¥tmark' from URL: https://ext-geodata-lokala-visning.lansstyrelsen.se/arcgis/rest/services/LSTD/LstD_GI_Myllrande_vatmarker_EXT/MapServer
01:22:42  INFO     No explicit layer_ids in config for source 'LstD GI VÃ¤rdetrakter vÃ¥tmark'. Discovering all layers from service metadata.
01:22:42  INFO     Source 'LstD GI VÃ¤rdetrakter vÃ¥tmark': Will attempt to query 1 layer(s): ['0']
01:22:42  INFO     ğŸšš lstd_gi_vardetrakter_vatmark
01:22:44  INFO     âœ… lstd_gi_vardetrakter_vatmark: 7 features
01:22:44  INFO     ğŸš€ Initializing RestApiDownloadHandler for source: LstD Strandskydd
01:22:44  INFO     ğŸŒ Processing REST API source: 'LstD Strandskydd' from URL: https://ext-geodata-lokala-visning.lansstyrelsen.se/arcgis/rest/services/LSTD/LstD_Strandskydd_EXT/MapServer
01:22:44  INFO     No explicit layer_ids in config for source 'LstD Strandskydd'. Discovering all layers from service metadata.
01:22:44  INFO     Source 'LstD Strandskydd': Will attempt to query 4 layer(s): ['0', '1', '2', '3']
01:22:44  INFO     ğŸš€ Starting concurrent download of 4 layers
01:22:44  INFO     Starting concurrent download of 4 layers
01:22:44  INFO     Starting concurrent execution of 4 tasks with 5 workers
01:22:44  INFO     Concurrent execution completed: 0/4 successful (0.0%), avg=0.00s, max=0.00s, total=0.00s
01:22:44  INFO     ğŸ Concurrent downloads completed: 0 successful, 4 failed
01:22:44  ERROR    âŒ Layer download failed: layer_LstD LM Strandskydd - Generellt - name 'time' is not defined
01:22:44  ERROR    âŒ Layer download failed: layer_LstD Strandskydd - UpphÃ¤vt i enskilda fall - name 'time' is not defined
01:22:44  ERROR    âŒ Layer download failed: layer_LstD Strandskydd - Utvidgat - name 'time' is not defined
01:22:44  ERROR    âŒ Layer download failed: layer_LstD Strandskydd - Utvidgat - Kartblad MÃ¤laren StrÃ¤ngnÃ¤s - name 'time' is not defined
01:22:44  INFO     ğŸ”— Single resource download mode for 'Skyddsrum' from URL: https://inspire.msb.se/nedladdning/filer/shape/Skyddsrum.zip
01:22:44  INFO         Derived filename by unquoting URL basename ('https://inspire.msb.se/nedladdning/filer/shape/Skyddsrum.zip'): Skyddsrum.zip
01:22:44  INFO     â¬‡ skyddsrum.zip (3.1 MB)
01:22:44  INFO     âœ… skyddsrum.zip
01:22:44  INFO     Determined staged_data_type: 'shapefile_collection' for downloaded file 'skyddsrum.zip'
01:22:44  INFO     ğŸ“¦ Extracting skyddsrum.zip â†’ C:\Git\ETL-pipeline\data\staging\MSB\skyddsrum
01:22:44  INFO     â• Extracted and staged archive skyddsrum.zip to data\staging\MSB\skyddsrum
01:22:44  INFO     ğŸŒ Reading Atom feed for source 'Riksintresse KulturmiljÃ¶vÃ¥rd MB3kap6' from URL: https://ext-dokument.lansstyrelsen.se/gemensamt/geodata/ATOM/ATOM_raa.RAA_RI_kulturmiljovard_MB3kap6.xml
01:22:45  INFO     â¬‡ riksintresse_kulturmiljovard_mb3kap6_feed.xml (1.1 KB)
01:22:45  INFO     âœ… riksintresse_kulturmiljovard_mb3kap6_feed.xml
01:22:45  INFO     Target staging directory for all content from Atom source 'Riksintresse KulturmiljÃ¶vÃ¥rd MB3kap6': data\staging\RAA\riksintresse_kulturmiljovard_mb3kap6
01:22:45  INFO     Found linked resource in Atom feed for 'Riksintresse KulturmiljÃ¶vÃ¥rd MB3kap6': https://ext-dokument.lansstyrelsen.se/gemensamt/geodata/ShapeExport/raa.RAA_RI_kulturmiljovard_MB3kap6.zip
01:22:45  INFO         Derived filename by unquoting URL basename ('https://ext-dokument.lansstyrelsen.se/gemensamt/geodata/ShapeExport/raa.RAA_RI_kulturmiljovard_MB3kap6.zip'): raa.RAA_RI_kulturmiljovard_MB3kap6.zip
01:22:45  INFO     Attempting to download linked resource: https://ext-dokument.lansstyrelsen.se/gemensamt/geodata/ShapeExport/raa.RAA_RI_kulturmiljovard_MB3kap6.zip 
        -> to local file: raa_raa_ri_kulturmiljovard_mb3kap6.zip
01:22:45  INFO     â¬‡ raa_raa_ri_kulturmiljovard_mb3kap6.zip (5.4 MB)
01:22:46  INFO     âœ… raa_raa_ri_kulturmiljovard_mb3kap6.zip
01:22:46  INFO     Downloaded file 'raa_raa_ri_kulturmiljovard_mb3kap6.zip' is a ZIP archive. Extracting...
01:22:46  INFO     ğŸ“¦ Extracting raa_raa_ri_kulturmiljovard_mb3kap6.zip â†’ C:\Git\ETL-pipeline\data\staging\RAA\riksintresse_kulturmiljovard_mb3kap6
01:22:46  INFO     â• Extracted and staged archive raa_raa_ri_kulturmiljovard_mb3kap6.zip into data\staging\RAA\riksintresse_kulturmiljovard_mb3kap6
01:22:46  INFO     Source 'Riksintresse KulturmiljÃ¶vÃ¥rd MB3kap6' expects a GPKG. Searching in extracted contents of raa_raa_ri_kulturmiljovard_mb3kap6.zip...
01:22:46  INFO     Renaming/moving extracted GPKG 'raa.RAA_RI_kulturmiljovard_MB3kap6.gpkg' to 'riksintresse_kulturmiljovard_mb3kap6.gpkg'
01:22:46  INFO     âœ… Successfully staged GPKG 'riksintresse_kulturmiljovard_mb3kap6.gpkg' for source 'Riksintresse KulturmiljÃ¶vÃ¥rd MB3kap6'.
01:22:46  INFO     ğŸ”— Single resource download mode for 'RAA Byggnader Sverige' from URL: https://pub.raa.se/nedladdning/datauttag/bebyggelse/byggnader_kulthist_inv/byggnader_sverige.gpkg
01:22:46  INFO         Derived filename by unquoting URL basename ('https://pub.raa.se/nedladdning/datauttag/bebyggelse/byggnader_kulthist_inv/byggnader_sverige.gpkg'): byggnader_sverige.gpkg
01:22:46  INFO     â¬‡ raa_byggnader_sverige.gpkg (75.4 MB)
01:23:06  INFO     âœ… raa_byggnader_sverige.gpkg
01:23:06  INFO     Determined staged_data_type: 'gpkg' for downloaded file 'raa_byggnader_sverige.gpkg'
01:23:06  INFO     â• Staged GPKG raa_byggnader_sverige.gpkg to data\staging\RAA\raa_byggnader_sverige\raa_byggnader_sverige.gpkg
01:23:06  INFO     ğŸ”— Single resource download mode for 'Enskilda och statliga byggnadsminnen, skyddsomrÃ¥den' from URL: https://pub.raa.se/nedladdning/datauttag/bebyggelse/byggnadsminne_skyddsomr/skyddsomrade_byggnadsminne_sverige.gpkg
01:23:06  INFO         Derived filename by unquoting URL basename ('https://pub.raa.se/nedladdning/datauttag/bebyggelse/byggnadsminne_skyddsomr/skyddsomrade_byggnadsminne_sverige.gpkg'): skyddsomrade_byggnadsminne_sverige.gpkg
01:23:06  INFO     â¬‡ enskilda_och_statliga_byggnadsminnen_skyddsomraden.gpkg (7.5 MB)
01:23:08  INFO     âœ… enskilda_och_statliga_byggnadsminnen_skyddsomraden.gpkg
01:23:08  INFO     Determined staged_data_type: 'gpkg' for downloaded file 'enskilda_och_statliga_byggnadsminnen_skyddsomraden.gpkg'
01:23:08  INFO     â• Staged GPKG enskilda_och_statliga_byggnadsminnen_skyddsomraden.gpkg to data\staging\RAA\enskilda_och_statliga_byggnadsminnen_skyddsomraden\enskilda_och_statliga_byggnadsminnen_skyddsomraden.gpkg
01:23:08  INFO     ğŸ”— Single resource download mode for 'Kulturhistoriska lÃ¤mningar, SÃ¶dermanland' from URL: https://pub.raa.se/nedladdning/datauttag/lamningar/lan/l%C3%A4mningar_l%C3%A4n_s%C3%B6dermanland.gpkg
01:23:09  INFO         Derived filename by unquoting URL basename ('https://pub.raa.se/nedladdning/datauttag/lamningar/lan/l%C3%A4mningar_l%C3%A4n_s%C3%B6dermanland.gpkg'): lÃ¤mningar_lÃ¤n_sÃ¶dermanland.gpkg
01:23:09  INFO     â¬‡ kulturhistoriska_lamningar_sodermanland.gpkg (41.1 MB)
01:23:19  INFO     âœ… kulturhistoriska_lamningar_sodermanland.gpkg
01:23:19  INFO     Determined staged_data_type: 'gpkg' for downloaded file 'kulturhistoriska_lamningar_sodermanland.gpkg'
01:23:19  INFO     â• Staged GPKG kulturhistoriska_lamningar_sodermanland.gpkg to data\staging\RAA\kulturhistoriska_lamningar_sodermanland\kulturhistoriska_lamningar_sodermanland.gpkg
01:23:19  INFO     ğŸ”— Single resource download mode for 'RAA VÃ¤rldsarv i Sverige' from URL: https://pub.raa.se/nedladdning/datauttag/varldsarv/varldsarv_sverige.gpkg
01:23:19  INFO         Derived filename by unquoting URL basename ('https://pub.raa.se/nedladdning/datauttag/varldsarv/varldsarv_sverige.gpkg'): varldsarv_sverige.gpkg
01:23:19  INFO     â¬‡ raa_varldsarv_i_sverige.gpkg (520.0 KB)
01:23:20  INFO     âœ… raa_varldsarv_i_sverige.gpkg
01:23:20  INFO     Determined staged_data_type: 'gpkg' for downloaded file 'raa_varldsarv_i_sverige.gpkg'
01:23:20  INFO     â• Staged GPKG raa_varldsarv_i_sverige.gpkg to data\staging\RAA\raa_varldsarv_i_sverige\raa_varldsarv_i_sverige.gpkg
01:23:20  INFO     ğŸ”— Single resource download mode for 'IntrÃ¤ffade skred, ras och Ã¶vriga jordrÃ¶relser (skreddatabas)' from URL: https://gis.sgi.se/dokument/geodatasezip/SGI_Skreddatabas_ver2.zip
01:23:20  INFO         Derived filename by unquoting URL basename ('https://gis.sgi.se/dokument/geodatasezip/SGI_Skreddatabas_ver2.zip'): SGI_Skreddatabas_ver2.zip
01:23:20  INFO     â¬‡ intraffade_skred_ras_och_ovriga_jordrorelser_skreddatabas.zip (188.2 KB)
01:23:20  INFO     âœ… intraffade_skred_ras_och_ovriga_jordrorelser_skreddatabas.zip
01:23:20  INFO     Determined staged_data_type: 'shapefile_collection' for downloaded file 'intraffade_skred_ras_och_ovriga_jordrorelser_skreddatabas.zip'
01:23:20  INFO     ğŸ“¦ Extracting intraffade_skred_ras_och_ovriga_jordrorelser_skreddatabas.zip â†’ C:\Git\ETL-pipeline\data\staging\SGI\intraffade_skred_ras_och_ovriga_jordrorelser_skreddatabas
01:23:20  INFO     â• Extracted and staged archive intraffade_skred_ras_och_ovriga_jordrorelser_skreddatabas.zip to data\staging\SGI\intraffade_skred_ras_och_ovriga_jordrorelser_skreddatabas
01:23:20  INFO         ğŸ—ºï¸ BBOX configured for source 'Erosion': 16.5008129,59.0906713,17.6220373,59.6050281 (CRS: CRS84 (default))
01:23:20  INFO     ğŸŒ Processing OGC API source: 'Erosion' from URL: https://api.sgu.se/oppnadata/stranderosion-kust/ogc/features/v1/collections/
01:23:20  INFO     ğŸ”„ Discovering collections from: https://api.sgu.se/oppnadata/stranderosion-kust/ogc/features/v1/collections
01:23:21  INFO     âœ… Discovered 14 collections for source 'Erosion'
01:23:21  INFO     ğŸ”§ Filtering for configured collections: ['aktiv-erosion'] for source 'Erosion'
01:23:21  INFO     ğŸ“¦ Processing collection: aktiv-erosion (Source: Erosion)
01:23:21  INFO         ğŸ“¦ Fetching collection: aktiv-erosion (Observerad aktiv erosion)
01:23:21  INFO         ğŸ—ºï¸ Applied BBOX to items URL for collection 'aktiv-erosion'
01:23:21  INFO             ğŸ“„ Fetching page 1 for collection 'aktiv-erosion' from https://api.sgu.se/oppnadata/stranderosion-kust/ogc/features/v1/collections/aktiv-erosion/items?f=application%2Fvnd.ogc.fg%2Bjson&bbox=16.5008129%2C59.0906713%2C17.6220373%2C59.6050281
01:23:21  ERROR    âŒ Error during OGC API processing for source Erosion: 'context'
urllib3.exceptions.ResponseError: too many 500 error responses

The above exception was the direct cause of the following exception:

Traceback (most recent call last):
  File "C:\Users\kije\AppData\Roaming\Python\Python311\site-packages\requests\adapters.py", line 667, in send
    resp = conn.urlopen(
           ^^^^^^^^^^^^^
  File "C:\Users\kije\AppData\Local\ESRI\conda\envs\arcgispro-py3-dev\Lib\site-packages\urllib3\connectionpool.py", line 942, in urlopen
    return self.urlopen(
           ^^^^^^^^^^^^^
  File "C:\Users\kije\AppData\Local\ESRI\conda\envs\arcgispro-py3-dev\Lib\site-packages\urllib3\connectionpool.py", line 942, in urlopen
    return self.urlopen(
           ^^^^^^^^^^^^^
  File "C:\Users\kije\AppData\Local\ESRI\conda\envs\arcgispro-py3-dev\Lib\site-packages\urllib3\connectionpool.py", line 932, in urlopen
    retries = retries.increment(method, url, response=response, _pool=self)
              ^^^^^^^^^^^^^^^^^^^^^^^^^^^^^^^^^^^^^^^^^^^^^^^^^^^^^^^^^^^^^
  File "C:\Users\kije\AppData\Local\ESRI\conda\envs\arcgispro-py3-dev\Lib\site-packages\urllib3\util\retry.py", line 519, in increment
    raise MaxRetryError(_pool, url, reason) from reason  # type: ignore[arg-type]
    ^^^^^^^^^^^^^^^^^^^^^^^^^^^^^^^^^^^^^^^^^^^^^^^^^^^
urllib3.exceptions.MaxRetryError: HTTPSConnectionPool(host='api.sgu.se', port=443): Max retries exceeded with url: /oppnadata/stranderosion-kust/ogc/features/v1/collections/aktiv-erosion/items?f=application%2Fvnd.ogc.fg%2Bjson&bbox=16.5008129%2C59.0906713%2C17.6220373%2C59.6050281 (Caused by ResponseError('too many 500 error responses'))

During handling of the above exception, another exception occurred:

Traceback (most recent call last):
  File "C:\Git\ETL-pipeline\etl\handlers\ogc_api.py", line 740, in _fetch_page
    response = self.session.get(url, timeout=DEFAULT_TIMEOUT)
               ^^^^^^^^^^^^^^^^^^^^^^^^^^^^^^^^^^^^^^^^^^^^^^
  File "C:\Users\kije\AppData\Roaming\Python\Python311\site-packages\requests\sessions.py", line 602, in get
    return self.request("GET", url, **kwargs)
           ^^^^^^^^^^^^^^^^^^^^^^^^^^^^^^^^^^
  File "C:\Git\ETL-pipeline\etl\utils\http_session.py", line 133, in request_with_timeout
    return original_request(method, url, **kwargs)
           ^^^^^^^^^^^^^^^^^^^^^^^^^^^^^^^^^^^^^^^
  File "C:\Users\kije\AppData\Roaming\Python\Python311\site-packages\requests\sessions.py", line 589, in request
    resp = self.send(prep, **send_kwargs)
           ^^^^^^^^^^^^^^^^^^^^^^^^^^^^^^
  File "C:\Users\kije\AppData\Roaming\Python\Python311\site-packages\requests\sessions.py", line 703, in send
    r = adapter.send(request, **kwargs)
        ^^^^^^^^^^^^^^^^^^^^^^^^^^^^^^^
  File "C:\Users\kije\AppData\Roaming\Python\Python311\site-packages\requests\adapters.py", line 691, in send
    raise RetryError(e, request=request)
requests.exceptions.RetryError: HTTPSConnectionPool(host='api.sgu.se', port=443): Max retries exceeded with url: /oppnadata/stranderosion-kust/ogc/features/v1/collections/aktiv-erosion/items?f=application%2Fvnd.ogc.fg%2Bjson&bbox=16.5008129%2C59.0906713%2C17.6220373%2C59.6050281 (Caused by ResponseError('too many 500 error responses'))

During handling of the above exception, another exception occurred:

Traceback (most recent call last):
  File "C:\Git\ETL-pipeline\etl\utils\retry.py", line 464, in wrapper
    result = func(*args, **kwargs)
             ^^^^^^^^^^^^^^^^^^^^^
  File "C:\Git\ETL-pipeline\etl\handlers\ogc_api.py", line 791, in _fetch_page
    raise NetworkError(
          ^^^^^^^^^^^^^
  File "C:\Git\ETL-pipeline\etl\exceptions\core.py", line 144, in __init__
    super().__init__(
KeyError: 'context'

During handling of the above exception, another exception occurred:

Traceback (most recent call last):
  File "C:\Git\ETL-pipeline\etl\handlers\ogc_api.py", line 217, in fetch
    if self._fetch_collection(collection_data):
       ^^^^^^^^^^^^^^^^^^^^^^^^^^^^^^^^^^^^^^^
  File "C:\Git\ETL-pipeline\etl\handlers\ogc_api.py", line 466, in _fetch_collection
    features_page, next_url_from_page = self._fetch_page(next_url)
                                        ^^^^^^^^^^^^^^^^^^^^^^^^^^
  File "C:\Git\ETL-pipeline\etl\utils\retry.py", line 482, in wrapper
    classified_error = classify_exception(e)
                       ^^^^^^^^^^^^^^^^^^^^^
  File "C:\Git\ETL-pipeline\etl\exceptions\core.py", line 456, in classify_exception
    return SystemError(
           ^^^^^^^^^^^^
  File "C:\Git\ETL-pipeline\etl\exceptions\core.py", line 228, in __init__
    super().__init__(
KeyError: 'context'
01:23:21  INFO         ğŸ—ºï¸ BBOX configured for source 'Brunnar': 16.5008129,59.0906713,17.6220373,59.6050281 (CRS: CRS84 (default))
01:23:21  INFO     ğŸŒ Processing OGC API source: 'Brunnar' from URL: https://api.sgu.se/oppnadata/brunnar/ogc/features/v1/collections/
01:23:21  INFO     ğŸ”„ Discovering collections from: https://api.sgu.se/oppnadata/brunnar/ogc/features/v1/collections
01:23:22  INFO     âœ… Discovered 2 collections for source 'Brunnar'
01:23:22  INFO     ğŸ”§ Filtering for configured collections: ['brunnar'] for source 'Brunnar'
01:23:22  INFO     ğŸ“¦ Processing collection: brunnar (Source: Brunnar)
01:23:22  INFO         ğŸ“¦ Fetching collection: brunnar (Brunnar)
01:23:22  INFO         ğŸ—ºï¸ Applied BBOX to items URL for collection 'brunnar'
01:23:22  INFO             ğŸ“„ Fetching page 1 for collection 'brunnar' from https://api.sgu.se/oppnadata/brunnar/ogc/features/v1/collections/brunnar/items?f=application%2Fvnd.ogc.fg%2Bjson&bbox=16.5008129%2C59.0906713%2C17.6220373%2C59.6050281
01:23:32  INFO             âœ… Retrieved 19579 features on this page (total: 19579)
01:23:32  WARNING      âš ï¸ SGU service for collection 'brunnar' reports EPSG:3006, but coordinates appear to be WGS84. Using EPSG:4326.
01:23:32  INFO         ğŸ—ºï¸ Using CRS from storageCrs for collection 'brunnar': EPSG:4326
01:23:34  INFO         ğŸ’¾ Saved 19579 features for collection 'brunnar' to data\staging\SGU\brunnar\brunnar.geojson
01:23:34  INFO         ğŸ—ºï¸ BBOX configured for source 'Jordskred och raviner': 16.5008129,59.0906713,17.6220373,59.6050281 (CRS: CRS84 (default))
01:23:34  INFO     ğŸŒ Processing OGC API source: 'Jordskred och raviner' from URL: https://api.sgu.se/oppnadata/jordskred-raviner/ogc/features/v1/collections/
01:23:34  INFO     ğŸ”„ Discovering collections from: https://api.sgu.se/oppnadata/jordskred-raviner/ogc/features/v1/collections
01:23:34  INFO     âœ… Discovered 2 collections for source 'Jordskred och raviner'
01:23:34  INFO     ğŸ”§ Filtering for configured collections: ['jordskred-raviner'] for source 'Jordskred och raviner'
01:23:34  INFO     ğŸ“¦ Processing collection: jordskred-raviner (Source: Jordskred och raviner)
01:23:34  INFO         ğŸ“¦ Fetching collection: jordskred-raviner (Jordskred och raviner)
01:23:34  INFO         ğŸ—ºï¸ Applied BBOX to items URL for collection 'jordskred-raviner'
01:23:34  INFO             ğŸ“„ Fetching page 1 for collection 'jordskred-raviner' from https://api.sgu.se/oppnadata/jordskred-raviner/ogc/features/v1/collections/jordskred-raviner/items?f=application%2Fvnd.ogc.fg%2Bjson&bbox=16.5008129%2C59.0906713%2C17.6220373%2C59.6050281
01:23:34  INFO             âœ… Retrieved 48 features on this page (total: 48)
01:23:34  WARNING      âš ï¸ SGU service for collection 'jordskred-raviner' reports EPSG:3006, but coordinates appear to be WGS84. Using EPSG:4326.
01:23:34  INFO         ğŸ—ºï¸ Using CRS from storageCrs for collection 'jordskred-raviner': EPSG:4326
01:23:34  INFO         ğŸ’¾ Saved 48 features for collection 'jordskred-raviner' to data\staging\SGU\jordskred_och_raviner\jordskred-raviner.geojson
01:23:34  INFO         ğŸ—ºï¸ BBOX configured for source 'Grus Krossberg': 16.5008129,59.0906713,17.6220373,59.6050281 (CRS: CRS84 (default))
01:23:34  INFO     ğŸŒ Processing OGC API source: 'Grus Krossberg' from URL: https://api.sgu.se/oppnadata/grus-krossberg/ogc/features/v1/collections
01:23:34  INFO     ğŸ”„ Discovering collections from: https://api.sgu.se/oppnadata/grus-krossberg/ogc/features/v1/collections
01:23:34  INFO     âœ… Discovered 3 collections for source 'Grus Krossberg'
01:23:34  INFO     ğŸ”§ Filtering for configured collections: ['grus-grus', 'grus-berg', 'grus-moran'] for source 'Grus Krossberg'
01:23:34  INFO     ğŸš€ Starting concurrent download of 3 collections
01:23:34  INFO     Initialized ConcurrentDownloadManager with 3 workers
01:23:34  INFO     Starting concurrent download of 3 collections
01:23:34  INFO     Starting concurrent execution of 3 tasks with 3 workers
01:23:34  INFO     Concurrent execution completed: 0/3 successful (0.0%), avg=0.00s, max=0.00s, total=0.00s
01:23:34  INFO     ğŸ Concurrent collection downloads completed: 0 successful, 3 failed
01:23:34  ERROR    âŒ Collection download failed: collection_grus-berg - name 'time' is not defined
01:23:34  ERROR    âŒ Collection download failed: collection_grus-grus - name 'time' is not defined
01:23:34  ERROR    âŒ Collection download failed: collection_grus-moran - name 'time' is not defined
01:23:34  WARNING  âš ï¸ No collections were successfully processed/saved with data for source: Grus Krossberg
01:23:34  INFO     ğŸš€ Initializing RestApiDownloadHandler for source: Jordbruksblock (2024)
01:23:34  INFO     ğŸŒ Processing REST API source: 'Jordbruksblock (2024)' from URL: https://ext-geodata-nationella.lansstyrelsen.se/arcgis/rest/services/SJV/lst_sjv_fak04jbb/MapServer
01:23:34  INFO     Found explicit layer_ids in config: [18] for source 'Jordbruksblock (2024)'. Processing only these.
01:23:34  INFO     Source 'Jordbruksblock (2024)': Will attempt to query 1 layer(s): ['18']
01:23:34  INFO     ğŸšš sjv_jordbruksblock_2024
01:23:55  INFO     âœ… sjv_jordbruksblock_2024: 18581 features
01:23:55  INFO     ğŸš€ Initializing RestApiDownloadHandler for source: Jordbruksskiften (senaste Ã¥ret)
01:23:55  INFO     ğŸŒ Processing REST API source: 'Jordbruksskiften (senaste Ã¥ret)' from URL: https://epub.sjv.se/inspire/inspire/wfs?service=WFS&request=GetFeature&typeName=inspire:senaste_arslager_skifte&outputFormat=application/json
01:26:41  WARNING  âš ï¸ No layers identified or specified to query for source 'Jordbruksskiften (senaste Ã¥ret)'. Check service metadata and `layer_ids` config.
01:26:43  INFO     ğŸš€ Initializing RestApiDownloadHandler for source: Produktionsplatser fÃ¶r djurhÃ¥llning
01:26:43  INFO     ğŸŒ Processing REST API source: 'Produktionsplatser fÃ¶r djurhÃ¥llning' from URL: http://epub.sjv.se/inspire/inspire/wfs?service=WFS&version=2.0.0&request=GetFeature&typeName=inspire:produktionsplatser&outputFormat=application/json
01:26:47  WARNING  âš ï¸ No layers identified or specified to query for source 'Produktionsplatser fÃ¶r djurhÃ¥llning'. Check service metadata and `layer_ids` config.
01:26:47  INFO     ğŸš€ Initializing RestApiDownloadHandler for source: Ã„ngs- och betesmarksinventeringen
01:26:47  INFO     ğŸŒ Processing REST API source: 'Ã„ngs- och betesmarksinventeringen' from URL: https://ext-geodata-nationella.lansstyrelsen.se/arcgis/rest/services/SJV/lst_sjv_fak04ovr/MapServer
01:26:47  INFO     Found explicit layer_ids in config: [4, 5] for source 'Ã„ngs- och betesmarksinventeringen'. Processing only these.
01:26:47  INFO     Source 'Ã„ngs- och betesmarksinventeringen': Will attempt to query 2 layer(s): ['4', '5']
01:26:47  INFO     ğŸš€ Starting concurrent download of 2 layers
01:26:47  INFO     Starting concurrent download of 2 layers
01:26:47  INFO     Starting concurrent execution of 2 tasks with 5 workers
01:26:47  INFO     Concurrent execution completed: 0/2 successful (0.0%), avg=0.00s, max=0.00s, total=0.00s
01:26:47  INFO     ğŸ Concurrent downloads completed: 0 successful, 2 failed
01:26:47  ERROR    âŒ Layer download failed: layer_SJV Ã„ngs- och betesmarksinventeringen naturtyper - name 'time' is not defined
01:26:47  ERROR    âŒ Layer download failed: layer_SJV Ã„ngs- och betesmarksinventeringen - name 'time' is not defined
01:26:47  INFO     ğŸ”— Single resource download mode for 'NaturvÃ¤rden' from URL: https://geodpags.skogsstyrelsen.se/geodataport/data/sksNaturvarden_gpkg.zip
01:26:48  INFO         Derived filename by unquoting URL basename ('https://geodpags.skogsstyrelsen.se/geodataport/data/sksNaturvarden_gpkg.zip'): sksNaturvarden_gpkg.zip
01:26:48  INFO     â¬‡ naturvarden.zip (17.8 MB)
01:26:52  INFO     âœ… naturvarden.zip
01:26:52  INFO     Determined staged_data_type: 'gpkg' for downloaded file 'naturvarden.zip'
01:26:52  INFO     â• Staged GPKG naturvarden.zip to data\staging\SKS\naturvarden\naturvarden.zip
01:26:52  INFO     ğŸŒ Reading Atom feed for source 'Ras och skred' from URL: https://geodpags.skogsstyrelsen.se/geodataport/feeds/Rasochskred.xml
01:26:52  INFO     â¬‡ ras_och_skred_feed.xml (1.2 KB)
01:26:52  ERROR    âŒ Failed to download or read Atom feed XML for 'Ras och skred' from https://geodpags.skogsstyrelsen.se/geodataport/feeds/Rasochskred.xml: 404 Client Error: Not Found for url: https://geodpags.skogsstyrelsen.se/geodataport/feeds/Rasochskred.xml
Traceback (most recent call last):
  File "C:\Git\ETL-pipeline\etl\handlers\atom_feed.py", line 51, in fetch
    downloaded_feed_xml_path = download(
                               ^^^^^^^^^
  File "C:\Git\ETL-pipeline\etl\utils\io.py", line 49, in download
    resp.raise_for_status()
  File "C:\Users\kije\AppData\Roaming\Python\Python311\site-packages\requests\models.py", line 1026, in raise_for_status
    raise HTTPError(http_error_msg, response=self)
requests.exceptions.HTTPError: 404 Client Error: Not Found for url: https://geodpags.skogsstyrelsen.se/geodataport/feeds/Rasochskred.xml
01:26:52  INFO     ğŸš€ Initializing RestApiDownloadHandler for source: Skogsstyrelsen - Biotopskydd (REST)
01:26:52  INFO     ğŸŒ Processing REST API source: 'Skogsstyrelsen - Biotopskydd (REST)' from URL: https://geodpags.skogsstyrelsen.se/arcgis/rest/services/Geodataportal/GeodataportalVisaBiotopskydd/MapServer
01:26:52  INFO     No explicit layer_ids in config for source 'Skogsstyrelsen - Biotopskydd (REST)'. Discovering all layers from service metadata.
01:26:52  INFO     Source 'Skogsstyrelsen - Biotopskydd (REST)': Will attempt to query 1 layer(s): ['0']
01:26:52  INFO     ğŸšš biotopskydd_skogsstyrelsen
01:26:53  INFO     âœ… biotopskydd_skogsstyrelsen: 125 features
01:26:53  INFO     ğŸš€ Initializing RestApiDownloadHandler for source: UtfÃ¶rda avverkningar
01:26:53  INFO     ğŸŒ Processing REST API source: 'UtfÃ¶rda avverkningar' from URL: https://geodpags.skogsstyrelsen.se/arcgis/rest/services/Geodataportal/GeodataportalVisaUtfordavverkning/MapServer
01:26:53  INFO     No explicit layer_ids in config for source 'UtfÃ¶rda avverkningar'. Discovering all layers from service metadata.
01:26:53  INFO     Source 'UtfÃ¶rda avverkningar': Will attempt to query 2 layer(s): ['0', '1']
01:26:53  INFO     ğŸš€ Starting concurrent download of 2 layers
01:26:53  INFO     Starting concurrent download of 2 layers
01:26:53  INFO     Starting concurrent execution of 2 tasks with 5 workers
01:26:53  INFO     Concurrent execution completed: 0/2 successful (0.0%), avg=0.00s, max=0.00s, total=0.00s
01:26:53  INFO     ğŸ Concurrent downloads completed: 0 successful, 2 failed
01:26:53  ERROR    âŒ Layer download failed: layer_Ã–versikt senaste Ã¥ret -  UtfordAvverkning_Skogsstyrelsen - name 'time' is not defined
01:26:53  ERROR    âŒ Layer download failed: layer_UtfordAvverkning_Skogsstyrelsen - name 'time' is not defined
01:26:53  INFO     ğŸš€ Initializing RestApiDownloadHandler for source: NaturvÃ¥rdsavtal
01:26:53  INFO     ğŸŒ Processing REST API source: 'NaturvÃ¥rdsavtal' from URL: https://geodpags.skogsstyrelsen.se/arcgis/rest/services/Geodataportal/GeodataportalVisaNaturvardsavtal/MapServer
01:26:53  INFO     No explicit layer_ids in config for source 'NaturvÃ¥rdsavtal'. Discovering all layers from service metadata.
01:26:53  INFO     Source 'NaturvÃ¥rdsavtal': Will attempt to query 1 layer(s): ['0']
01:26:53  INFO     ğŸšš naturvardsavtal_skogsstyrelsen
01:26:54  INFO     âœ… naturvardsavtal_skogsstyrelsen: 59 features
01:26:54  INFO     ğŸš€ Initializing RestApiDownloadHandler for source: Ã…tervÃ¤tningsavtal
01:26:54  INFO     ğŸŒ Processing REST API source: 'Ã…tervÃ¤tningsavtal' from URL: https://geodpags.skogsstyrelsen.se/arcgis/rest/services/Geodataportal/GeodataportalVisaAtervatningavtal/MapServer
01:26:54  INFO     No explicit layer_ids in config for source 'Ã…tervÃ¤tningsavtal'. Discovering all layers from service metadata.
01:26:54  INFO     Source 'Ã…tervÃ¤tningsavtal': Will attempt to query 1 layer(s): ['0']
01:26:54  INFO     ğŸšš atervatningyta_skogsstyrelsen
01:26:54  INFO     âœ… atervatningyta_skogsstyrelsen: 3 features
01:26:54  INFO     ğŸš€ Initializing RestApiDownloadHandler for source: Nyckelbiotoper
01:26:54  INFO     ğŸŒ Processing REST API source: 'Nyckelbiotoper' from URL: https://geodpags.skogsstyrelsen.se/arcgis/rest/services/Geodataportal/GeodataportalVisaNyckelbiotop/MapServer
01:26:54  INFO     No explicit layer_ids in config for source 'Nyckelbiotoper'. Discovering all layers from service metadata.
01:26:54  INFO     Source 'Nyckelbiotoper': Will attempt to query 1 layer(s): ['0']
01:26:54  INFO     ğŸšš nyckelbiotop_skogsstyrelsen
01:26:56  INFO     âœ… nyckelbiotop_skogsstyrelsen: 1293 features
01:26:56  INFO     ğŸš€ Initializing RestApiDownloadHandler for source: Sumpskogar
01:26:56  INFO     ğŸŒ Processing REST API source: 'Sumpskogar' from URL: https://geodpags.skogsstyrelsen.se/arcgis/rest/services/Geodataportal/GeodataportalVisaSumpskog/MapServer
01:26:56  INFO     No explicit layer_ids in config for source 'Sumpskogar'. Discovering all layers from service metadata.
01:26:56  INFO     Source 'Sumpskogar': Will attempt to query 1 layer(s): ['0']
01:26:56  INFO     ğŸšš sumpskog_skogsstyrelsen
01:26:59  INFO     âœ… sumpskog_skogsstyrelsen: 2769 features
01:26:59  INFO     ğŸš€ Initializing RestApiDownloadHandler for source: AvverkningsanmÃ¤lda omrÃ¥den
01:26:59  INFO     ğŸŒ Processing REST API source: 'AvverkningsanmÃ¤lda omrÃ¥den' from URL: https://geodpags.skogsstyrelsen.se/arcgis/rest/services/Geodataportal/GeodataportalVisaAvverkningsanmalan/MapServer
01:26:59  INFO     No explicit layer_ids in config for source 'AvverkningsanmÃ¤lda omrÃ¥den'. Discovering all layers from service metadata.
01:26:59  INFO     Source 'AvverkningsanmÃ¤lda omrÃ¥den': Will attempt to query 1 layer(s): ['0']
01:26:59  INFO     ğŸšš avverkningsanmalan_skogsstyrelsen
01:27:02  INFO     âœ… avverkningsanmalan_skogsstyrelsen: 1337 features
01:27:02  INFO     ğŸš€ Initializing RestApiDownloadHandler for source: GrÃ¤ns fÃ¶r skogsskyddsbestÃ¤mmelser
01:27:02  INFO     ğŸŒ Processing REST API source: 'GrÃ¤ns fÃ¶r skogsskyddsbestÃ¤mmelser' from URL: https://geodpags.skogsstyrelsen.se/arcgis/rest/services/Geodataportal/GeodataportalVisaSkogsskyddsbestammelser/MapServer
01:27:03  INFO     No explicit layer_ids in config for source 'GrÃ¤ns fÃ¶r skogsskyddsbestÃ¤mmelser'. Discovering all layers from service metadata.
01:27:03  INFO     Source 'GrÃ¤ns fÃ¶r skogsskyddsbestÃ¤mmelser': Will attempt to query 1 layer(s): ['0']
01:27:03  INFO     ğŸšš skogsskyddsbestammelser
01:27:03  INFO     âœ… skogsskyddsbestammelser: 1 features
01:27:03  INFO     ğŸš€ Initializing RestApiDownloadHandler for source: Nyckelbiotoper - storskogsbruket
01:27:03  INFO     ğŸŒ Processing REST API source: 'Nyckelbiotoper - storskogsbruket' from URL: https://geodpags.skogsstyrelsen.se/arcgis/rest/services/Geodataportal/GeodataportalVisaSkogsbruknyckelbiotop/MapServer
01:27:03  INFO     No explicit layer_ids in config for source 'Nyckelbiotoper - storskogsbruket'. Discovering all layers from service metadata.
01:27:03  INFO     Source 'Nyckelbiotoper - storskogsbruket': Will attempt to query 1 layer(s): ['0']
01:27:03  INFO     ğŸšš storskogsbrukets_nyckelbiotoper
01:27:04  INFO     âœ… storskogsbrukets_nyckelbiotoper: 161 features
01:27:04  INFO     ğŸ”— Single resource download mode for 'StamnÃ¤t' from URL: https://gis-services.metria.se/svkfeed/filer/SVK_STAMNAT.zip
01:27:04  INFO         Derived filename by unquoting URL basename ('https://gis-services.metria.se/svkfeed/filer/SVK_STAMNAT.zip'): SVK_STAMNAT.zip
01:27:04  INFO     â¬‡ stamnat.zip (2.3 MB)
01:27:05  INFO     âœ… stamnat.zip
01:27:05  INFO     Determined staged_data_type: 'shapefile_collection' for downloaded file 'stamnat.zip'
01:27:05  INFO     ğŸ“¦ Extracting stamnat.zip â†’ C:\Git\ETL-pipeline\data\staging\SVK\stamnat
01:27:05  INFO     â• Extracted and staged archive stamnat.zip to data\staging\SVK\stamnat
01:27:05  INFO     ğŸš€ Initializing RestApiDownloadHandler for source: VÃ¤gar
01:27:05  INFO     ğŸŒ Processing REST API source: 'VÃ¤gar' from URL: https://ext-geodata-nationella.lansstyrelsen.se/arcgis/rest/services/TV/lst_tv_fak01/MapServer
01:27:05  INFO     Found explicit layer_ids in config: [0, 1, 2, 3, 4, 5, 6, 7] for source 'VÃ¤gar'. Processing only these.
01:27:05  WARNING  Layer ID '3' specified in config for source 'VÃ¤gar' was not found in the service's layer metadata list. Will attempt to query it using this ID and a placeholder name.
01:27:05  INFO     Source 'VÃ¤gar': Will attempt to query 8 layer(s): ['0', '1', '2', '3', '4', '5', '6', '7']
01:27:05  INFO     ğŸš€ Starting concurrent download of 8 layers
01:27:05  INFO     Starting concurrent download of 8 layers
01:27:05  INFO     Starting concurrent execution of 8 tasks with 5 workers
01:27:05  INFO     Concurrent execution completed: 0/8 successful (0.0%), avg=0.00s, max=0.00s, total=0.00s
01:27:05  INFO     ğŸ Concurrent downloads completed: 0 successful, 8 failed
01:27:05  ERROR    âŒ Layer download failed: layer_TV KulturvÃ¤gar - name 'time' is not defined
01:27:05  ERROR    âŒ Layer download failed: layer_TV AllÃ©er - name 'time' is not defined
01:27:05  ERROR    âŒ Layer download failed: layer_TV Artrika vÃ¤gkanter - name 'time' is not defined
01:27:05  ERROR    âŒ Layer download failed: layer_layer_3_cfg_only - name 'time' is not defined
01:27:05  ERROR    âŒ Layer download failed: layer_TV Faunapassage fÃ¶r medelstora dÃ¤ggdjur - JÃ¤rnvÃ¤g - name 'time' is not defined
01:27:05  ERROR    âŒ Layer download failed: layer_TV Faunapassage fÃ¶r medelstora dÃ¤ggdjur - MiljÃ¶ och landskap - name 'time' is not defined
01:27:05  ERROR    âŒ Layer download failed: layer_TV Faunapassage fÃ¶r stora dÃ¤ggdjur - JÃ¤rnvÃ¤g - name 'time' is not defined
01:27:05  ERROR    âŒ Layer download failed: layer_TV Faunapassage fÃ¶r stora dÃ¤ggdjur - MiljÃ¶ och landskap - name 'time' is not defined
01:27:05  INFO     ğŸš€ Initializing RestApiDownloadHandler for source: Ã–vrigt
01:27:05  INFO     ğŸŒ Processing REST API source: 'Ã–vrigt' from URL: https://ext-geodata-nationella.lansstyrelsen.se/arcgis/rest/services/TV/lst_tv_fak06/MapServer
01:27:05  INFO     No explicit layer_ids in config for source 'Ã–vrigt'. Discovering all layers from service metadata.
01:27:05  INFO     Source 'Ã–vrigt': Will attempt to query 18 layer(s): ['0', '18', '1', '2', '3', '4', '5', '17', '6', '7', '8', '9', '10', '11', '12', '13', '16', '14']
01:27:05  INFO     ğŸš€ Starting concurrent download of 18 layers
01:27:05  INFO     Starting concurrent download of 18 layers
01:27:05  INFO     Starting concurrent execution of 18 tasks with 5 workers
01:27:05  INFO     Concurrent execution completed: 0/18 successful (0.0%), avg=0.00s, max=0.00s, total=0.00s
01:27:05  INFO     ğŸ Concurrent downloads completed: 0 successful, 18 failed
01:27:05  ERROR    âŒ Layer download failed: layer_TV ViltstÃ¤ngsel - name 'time' is not defined
01:27:05  ERROR    âŒ Layer download failed: layer_TV NVDB Bro och tunnel - name 'time' is not defined
01:27:05  ERROR    âŒ Layer download failed: layer_TV NVDB BÃ¤righet - name 'time' is not defined
01:27:05  ERROR    âŒ Layer download failed: layer_TV NVDB CykelnÃ¤t - name 'time' is not defined
01:27:05  ERROR    âŒ Layer download failed: layer_TV NVDB Driftbidrag - name 'time' is not defined
01:27:05  ERROR    âŒ Layer download failed: layer_TV NVDB Funktionell vÃ¤gklass - name 'time' is not defined
01:27:05  ERROR    âŒ Layer download failed: layer_TV NVDB Gatunamn - name 'time' is not defined
01:27:05  ERROR    âŒ Layer download failed: layer_TV NVDB GCM vÃ¤gtyp - name 'time' is not defined
01:27:05  ERROR    âŒ Layer download failed: layer_TV NVDB GÃ¥ngfarts omrÃ¥de - name 'time' is not defined
01:27:05  ERROR    âŒ Layer download failed: layer_TV NVDB HastighetsgrÃ¤ns - name 'time' is not defined
01:27:05  ERROR    âŒ Layer download failed: layer_TV NVDB InskrÃ¤nkningar fÃ¶r trafik med farligt gods - name 'time' is not defined
01:27:05  ERROR    âŒ Layer download failed: layer_TV NVDB Rekommenderade vÃ¤gar farligt gods - name 'time' is not defined
01:27:05  ERROR    âŒ Layer download failed: layer_TV NVDB Saltade vÃ¤gar - name 'time' is not defined
01:27:05  ERROR    âŒ Layer download failed: layer_TV NVDB TrafikflÃ¶den - name 'time' is not defined
01:27:05  ERROR    âŒ Layer download failed: layer_TV NVDB VÃ¤gbredd - name 'time' is not defined
01:27:05  ERROR    âŒ Layer download failed: layer_TV NVDB VÃ¤ghÃ¥llare - Enskild-, kommunal- och statlig vÃ¤g - name 'time' is not defined
01:27:05  ERROR    âŒ Layer download failed: layer_TV NVDB VÃ¤gnummer Text - name 'time' is not defined
01:27:05  ERROR    âŒ Layer download failed: layer_TV NVDB VÃ¤gnummer - name 'time' is not defined
01:27:05  INFO     âœ… Loaded 53 sources from config\sources.yaml
01:27:05  INFO     ğŸ”„ Starting FileGDB loading process
01:27:05  INFO     ğŸ†• Creating new FileGDB: C:\Git\ETL-pipeline\data\staging.gdb
01:27:19  INFO     âœ… Successfully created GDB: C:\Git\ETL-pipeline\data\staging.gdb
01:27:19  INFO     ğŸ“‹ Processing 53 configured sources
01:27:19  INFO     ğŸ”„ Processing source: FÃ¶rsvarsmakten - RikstÃ¤ckande geodata (Authority: FM)
01:27:19  INFO     ğŸ” Processing source 'FÃ¶rsvarsmakten - RikstÃ¤ckande geodata': staged_data_type='shapefile_collection', normalized='shapefile_collection'
01:27:19  INFO     ğŸ“ Handling shapefile collection source 'FÃ¶rsvarsmakten - RikstÃ¤ckande geodata'
01:27:19  INFO     Found 1 item(s) to process for source 'FÃ¶rsvarsmakten - RikstÃ¤ckande geodata'
01:27:19  INFO     ğŸ“ Found 12 shapefile(s) in item dir 'shp'.
01:27:19  INFO     ğŸ“¥ Copying SHP ('LÃ¥gflygningsomrÃ¥de med pÃ¥verkansomrÃ¥de.shp') â†’ GDB:/'fm_lagflygningsomrade_med_paverkansomrade' (Authority: 'FM')
01:27:21  INFO     âœ… SUCCESS: Copied shapefile 'LÃ¥gflygningsomrÃ¥de med pÃ¥verkansomrÃ¥de.shp' to 'fm_lagflygningsomrade_med_paverkansomrade'
01:27:21  INFO     ğŸ“¥ Copying SHP ('MSA-omrÃ¥de.shp') â†’ GDB:/'fm_msa_omrade' (Authority: 'FM')
01:27:22  INFO     âœ… SUCCESS: Copied shapefile 'MSA-omrÃ¥de.shp' to 'fm_msa_omrade'
01:27:22  INFO     ğŸ“¥ Copying SHP ('OmrÃ¥de av betydelse pÃ¥ land.shp') â†’ GDB:/'fm_omrade_av_betydelse_pa_land' (Authority: 'FM')
01:27:23  INFO     âœ… SUCCESS: Copied shapefile 'OmrÃ¥de av betydelse pÃ¥ land.shp' to 'fm_omrade_av_betydelse_pa_land'
01:27:23  INFO     ğŸ“¥ Copying SHP ('OmrÃ¥de med sÃ¤rskilt behov av hinderfrihet.shp') â†’ GDB:/'fm_omrade_med_sarskilt_behov_av_hinderfrihet' (Authority: 'FM')
01:27:24  INFO     âœ… SUCCESS: Copied shapefile 'OmrÃ¥de med sÃ¤rskilt behov av hinderfrihet.shp' to 'fm_omrade_med_sarskilt_behov_av_hinderfrihet'
01:27:24  INFO     ğŸ“¥ Copying SHP ('PÃ¥verkansomrÃ¥de civil flygplats.shp') â†’ GDB:/'fm_paverkansomrade_civil_flygplats' (Authority: 'FM')
01:27:25  INFO     âœ… SUCCESS: Copied shapefile 'PÃ¥verkansomrÃ¥de civil flygplats.shp' to 'fm_paverkansomrade_civil_flygplats'
01:27:25  INFO     ğŸ“¥ Copying SHP ('PÃ¥verkansomrÃ¥de fÃ¶r buller eller annan risk.shp') â†’ GDB:/'fm_paverkansomrade_for_buller_eller_annan_risk' (Authority: 'FM')
01:27:26  INFO     âœ… SUCCESS: Copied shapefile 'PÃ¥verkansomrÃ¥de fÃ¶r buller eller annan risk.shp' to 'fm_paverkansomrade_for_buller_eller_annan_risk'
01:27:26  INFO     ğŸ“¥ Copying SHP ('PÃ¥verkansomrÃ¥de vÃ¤derradar.shp') â†’ GDB:/'fm_paverkansomrade_vaderradar' (Authority: 'FM')
01:27:27  INFO     âœ… SUCCESS: Copied shapefile 'PÃ¥verkansomrÃ¥de vÃ¤derradar.shp' to 'fm_paverkansomrade_vaderradar'
01:27:28  INFO     ğŸ“¥ Copying SHP ('PÃ¥verkansomrÃ¥de Ã¶vrigt.shp') â†’ GDB:/'fm_paverkansomrade_ovrigt' (Authority: 'FM')
01:27:28  INFO     âœ… SUCCESS: Copied shapefile 'PÃ¥verkansomrÃ¥de Ã¶vrigt.shp' to 'fm_paverkansomrade_ovrigt'
01:27:29  INFO     ğŸ“¥ Copying SHP ('Riksintresse i havet (sjÃ¶Ã¶vningsomrÃ¥de).shp') â†’ GDB:/'fm_riksintresse_i_havet_sjoovningsomrade' (Authority: 'FM')
01:27:29  INFO     âœ… SUCCESS: Copied shapefile 'Riksintresse i havet (sjÃ¶Ã¶vningsomrÃ¥de).shp' to 'fm_riksintresse_i_havet_sjoovningsomrade'
01:27:30  INFO     ğŸ“¥ Copying SHP ('Riksintresse pÃ¥ land.shp') â†’ GDB:/'fm_riksintresse_pa_land' (Authority: 'FM')
01:27:30  INFO     âœ… SUCCESS: Copied shapefile 'Riksintresse pÃ¥ land.shp' to 'fm_riksintresse_pa_land'
01:27:30  INFO     ğŸ“¥ Copying SHP ('StoppomrÃ¥de fÃ¶r hÃ¶ga objekt.shp') â†’ GDB:/'fm_stoppomrade_for_hoga_objekt' (Authority: 'FM')
01:27:31  INFO     âœ… SUCCESS: Copied shapefile 'StoppomrÃ¥de fÃ¶r hÃ¶ga objekt.shp' to 'fm_stoppomrade_for_hoga_objekt'
01:27:31  INFO     ğŸ“¥ Copying SHP ('StoppomrÃ¥de fÃ¶r vindkraftverk.shp') â†’ GDB:/'fm_stoppomrade_for_vindkraftverk' (Authority: 'FM')
01:27:32  INFO     âœ… SUCCESS: Copied shapefile 'StoppomrÃ¥de fÃ¶r vindkraftverk.shp' to 'fm_stoppomrade_for_vindkraftverk'
01:27:32  INFO     ğŸ”„ Processing source: NaturvÃ¥rdsverket - NaturvÃ¥rdsregistret (Authority: NVV)
01:27:32  INFO     ğŸ” Processing source 'NaturvÃ¥rdsverket - NaturvÃ¥rdsregistret': staged_data_type='shapefile_collection', normalized='shapefile_collection'
01:27:32  INFO     ğŸ“ Handling shapefile collection source 'NaturvÃ¥rdsverket - NaturvÃ¥rdsregistret'
01:27:32  WARNING  No staging directory found for source 'NaturvÃ¥rdsverket - NaturvÃ¥rdsregistret' at C:\Git\ETL-pipeline\data\staging\NVV\naturvardsverket_-_naturvardsregistret
01:27:32  INFO     ğŸ”„ Processing source: MiljÃ¶riskomrÃ¥de (Authority: LST)
01:27:32  INFO     ğŸ” Processing source 'MiljÃ¶riskomrÃ¥de': staged_data_type='gpkg', normalized='gpkg'
01:27:32  INFO     ğŸ“¦ Source 'MiljÃ¶riskomrÃ¥de' configured for GPKG - using GPKG loader exclusively
01:27:32  INFO     ğŸ“¦ Processing GeoPackage: miljoriskomrade.gpkg (Authority: 'LST', Include Filter: None)
01:27:39  INFO     Found 1 feature classes in miljoriskomrade.gpkg: ['main.lst_lst_miljoriskomrade']
01:27:39  INFO     ğŸ“¦ Processing 1 valid feature classes from miljoriskomrade.gpkg
01:27:39  INFO     Stripped 'main.' from 'main.lst_lst_miljoriskomrade' â†’ 'lst_lst_miljoriskomrade' for output naming
01:27:39  INFO     ğŸ“¥ Copying GPKG FC ('main.lst_lst_miljoriskomrade') â†’ GDB:/'lst_lst_miljoriskomrade'
01:27:40  INFO     âœ… SUCCESS: Copied GPKG FC 'main.lst_lst_miljoriskomrade' to 'lst_lst_miljoriskomrade'
01:27:40  INFO        ğŸ“„ GPKG âœ staged : lst_lst_miljoriskomrade
01:27:40  INFO     ğŸ”„ Processing source: Vindkraftskollen: Vindkraftverk (Authority: LST)
01:27:40  INFO     ğŸ” Processing source 'Vindkraftskollen: Vindkraftverk': staged_data_type='gpkg', normalized='gpkg'
01:27:40  INFO     ğŸ“¦ Source 'Vindkraftskollen: Vindkraftverk' configured for GPKG - using GPKG loader exclusively
01:27:40  INFO     ğŸ“¦ Processing GeoPackage: vindkraftskollen_vindkraftverk.gpkg (Authority: 'LST', Include Filter: None)
01:27:41  INFO     Found 1 feature classes in vindkraftskollen_vindkraftverk.gpkg: ['main.lst_vbk_vindkraftverk']
01:27:41  INFO     ğŸ“¦ Processing 1 valid feature classes from vindkraftskollen_vindkraftverk.gpkg
01:27:41  INFO     Stripped 'main.' from 'main.lst_vbk_vindkraftverk' â†’ 'lst_vbk_vindkraftverk' for output naming
01:27:41  INFO     ğŸ“¥ Copying GPKG FC ('main.lst_vbk_vindkraftverk') â†’ GDB:/'lst_vbk_vindkraftverk'
01:27:54  INFO     âœ… SUCCESS: Copied GPKG FC 'main.lst_vbk_vindkraftverk' to 'lst_vbk_vindkraftverk'
01:27:54  INFO        ğŸ“„ GPKG âœ staged : lst_vbk_vindkraftverk
01:27:54  INFO     ğŸ”„ Processing source: Vindkraftskollen: ProjekteringsomrÃ¥den (Authority: LST)
01:27:54  INFO     ğŸ” Processing source 'Vindkraftskollen: ProjekteringsomrÃ¥den': staged_data_type='gpkg', normalized='gpkg'
01:27:54  INFO     ğŸ“¦ Source 'Vindkraftskollen: ProjekteringsomrÃ¥den' configured for GPKG - using GPKG loader exclusively
01:27:54  INFO     ğŸ“¦ Processing GeoPackage: vindkraftskollen_projekteringsomraden.gpkg (Authority: 'LST', Include Filter: None)
01:27:56  INFO     Found 1 feature classes in vindkraftskollen_projekteringsomraden.gpkg: ['main.lst_vbk_projekteringsomraden']
01:27:56  INFO     ğŸ“¦ Processing 1 valid feature classes from vindkraftskollen_projekteringsomraden.gpkg
01:27:56  INFO     Stripped 'main.' from 'main.lst_vbk_projekteringsomraden' â†’ 'lst_vbk_projekteringsomraden' for output naming
01:27:56  INFO     ğŸ“¥ Copying GPKG FC ('main.lst_vbk_projekteringsomraden') â†’ GDB:/'lst_vbk_projekteringsomraden'
01:27:58  INFO     âœ… SUCCESS: Copied GPKG FC 'main.lst_vbk_projekteringsomraden' to 'lst_vbk_projekteringsomraden'
01:27:58  INFO        ğŸ“„ GPKG âœ staged : lst_vbk_projekteringsomraden
01:27:58  INFO     ğŸ”„ Processing source: Potentiellt fÃ¶rorenade omrÃ¥den (Authority: LST)
01:27:58  INFO     ğŸ” Processing source 'Potentiellt fÃ¶rorenade omrÃ¥den': staged_data_type='shapefile_collection', normalized='shapefile_collection'
01:27:58  INFO     ğŸ“ Handling shapefile collection source 'Potentiellt fÃ¶rorenade omrÃ¥den'
01:27:58  INFO     Found 1 item(s) to process for source 'Potentiellt fÃ¶rorenade omrÃ¥den'
01:27:58  INFO     ğŸ“ Found 1 shapefile(s) in item dir 'potentiellt_fororenade_omraden'.
01:27:58  INFO     ğŸ“¥ Copying SHP ('EBH_Potentiellt_fororenade_omraden.shp') â†’ GDB:/'lst_ebh_potentiellt_fororenade_omraden' (Authority: 'LST')
01:28:04  INFO     âœ… SUCCESS: Copied shapefile 'EBH_Potentiellt_fororenade_omraden.shp' to 'lst_ebh_potentiellt_fororenade_omraden'
01:28:04  INFO     ğŸ”„ Processing source: Riksintressen (Authority: LST)
01:28:04  INFO     ğŸ” Processing source 'Riksintressen': staged_data_type='geojson', normalized='geojson'
01:28:04  INFO     ğŸŒ Found 1 JSON/GeoJSON file(s) for source 'Riksintressen'.
01:28:04  INFO     ğŸ” Detected geometry types in lst_riksintresse_rorligt_friluftsliv_mb4kap_1plus2.geojson: {'Polygon', 'MultiPolygon'}
01:28:04  WARNING  âš ï¸ Mixed geometry types found in lst_riksintresse_rorligt_friluftsliv_mb4kap_1plus2.geojson: {'Polygon', 'MultiPolygon'}. Using POLYGON as default.
01:28:04  INFO     ğŸ“ Detected geometry type: POLYGON for lst_riksintresse_rorligt_friluftsliv_mb4kap_1plus2.geojson
01:28:04  INFO     ğŸ“¥ Converting JSON/GeoJSON ('lst_riksintresse_rorligt_friluftsliv_mb4kap_1plus2.geojson') â†’ GDB:/'lst_riksintresse_rorligt_friluftsliv_mb4kap_1plus2_polygon' (Authority: 'LST', Geom: POLYGON)
01:28:06  INFO     âœ… SUCCESS: Created FC 'lst_riksintresse_rorligt_friluftsliv_mb4kap_1plus2_polygon' with 6 records, geometry type: Polygon
01:28:06  INFO        ğŸ“„ JSON âœ staged : lst_riksintresse_rorligt_friluftsliv_mb4kap_1plus2_polygon
01:28:06  INFO     ğŸ”„ Processing source: Riksintressen - Vindbruk (Authority: LST)
01:28:06  INFO     ğŸ” Processing source 'Riksintressen - Vindbruk': staged_data_type='geojson', normalized='geojson'
01:28:06  WARNING  âš ï¸ Staging directory not found for JSON/GeoJSON source 'Riksintressen - Vindbruk': C:\Git\ETL-pipeline\data\staging\LST\riksintressen_-_vindbruk
01:28:06  INFO     ğŸ”„ Processing source: LstD FÃ¶reskrifter (Authority: LSTD)
01:28:06  INFO     ğŸ” Processing source 'LstD FÃ¶reskrifter': staged_data_type='geojson', normalized='geojson'
01:28:06  INFO     ğŸŒ Found 1 JSON/GeoJSON file(s) for source 'LstD FÃ¶reskrifter'.
01:28:06  INFO     ğŸ” Detected geometry types in lstd_sjotrafikforeskrifter.geojson: {'Polygon'}
01:28:06  INFO     ğŸ” Mapping Polygon â†’ POLYGON for lstd_sjotrafikforeskrifter.geojson
01:28:06  INFO     ğŸ“ Detected geometry type: POLYGON for lstd_sjotrafikforeskrifter.geojson
01:28:06  INFO     ğŸ“¥ Converting JSON/GeoJSON ('lstd_sjotrafikforeskrifter.geojson') â†’ GDB:/'lstd_sjotrafikforeskrifter_polygon' (Authority: 'LSTD', Geom: POLYGON)
01:28:08  INFO     âœ… SUCCESS: Created FC 'lstd_sjotrafikforeskrifter_polygon' with 61 records, geometry type: Polygon
01:28:08  INFO        ğŸ“„ JSON âœ staged : lstd_sjotrafikforeskrifter_polygon
01:28:08  INFO     ğŸ”„ Processing source: LstD Fysisk planering (Authority: LSTD)
01:28:08  INFO     ğŸ” Processing source 'LstD Fysisk planering': staged_data_type='geojson', normalized='geojson'
01:28:08  WARNING  âš ï¸ Staging directory not found for JSON/GeoJSON source 'LstD Fysisk planering': C:\Git\ETL-pipeline\data\staging\LSTD\lstd_fysisk_planering
01:28:08  INFO     ğŸ”„ Processing source: LstD Ett rikt odlingslandskap (Authority: LSTD)
01:28:08  INFO     ğŸ” Processing source 'LstD Ett rikt odlingslandskap': staged_data_type='geojson', normalized='geojson'
01:28:08  WARNING  âš ï¸ Staging directory not found for JSON/GeoJSON source 'LstD Ett rikt odlingslandskap': C:\Git\ETL-pipeline\data\staging\LSTD\lstd_ett_rikt_odlingslandskap
01:28:08  INFO     ğŸ”„ Processing source: LstD Friluftsliv (Authority: LSTD)
01:28:08  INFO     ğŸ” Processing source 'LstD Friluftsliv': staged_data_type='geojson', normalized='geojson'
01:28:08  WARNING  âš ï¸ Staging directory not found for JSON/GeoJSON source 'LstD Friluftsliv': C:\Git\ETL-pipeline\data\staging\LSTD\lstd_friluftsliv
01:28:08  INFO     ğŸ”„ Processing source: LstD God bebyggd miljÃ¶ (Authority: LSTD)
01:28:08  INFO     ğŸ” Processing source 'LstD God bebyggd miljÃ¶': staged_data_type='geojson', normalized='geojson'
01:28:08  INFO     ğŸŒ Found 1 JSON/GeoJSON file(s) for source 'LstD God bebyggd miljÃ¶'.
01:28:08  INFO     ğŸ” Detected geometry types in lstd_gi_opaverkade_omraden_-_avgransning.geojson: {'Polygon'}
01:28:08  INFO     ğŸ” Mapping Polygon â†’ POLYGON for lstd_gi_opaverkade_omraden_-_avgransning.geojson
01:28:08  INFO     ğŸ“ Detected geometry type: POLYGON for lstd_gi_opaverkade_omraden_-_avgransning.geojson
01:28:08  INFO     ğŸ“¥ Converting JSON/GeoJSON ('lstd_gi_opaverkade_omraden_-_avgransning.geojson') â†’ GDB:/'lstd_gi_opaverkade_omraden_avgransning_polygon' (Authority: 'LSTD', Geom: POLYGON)
01:28:09  INFO     âœ… SUCCESS: Created FC 'lstd_gi_opaverkade_omraden_avgransning_polygon' with 10 records, geometry type: Polygon
01:28:09  INFO        ğŸ“„ JSON âœ staged : lstd_gi_opaverkade_omraden_avgransning_polygon
01:28:09  INFO     ğŸ”„ Processing source: LstD Hav i balans (Authority: LSTD)
01:28:09  INFO     ğŸ” Processing source 'LstD Hav i balans': staged_data_type='geojson', normalized='geojson'
01:28:09  INFO     â„¹ï¸ No JSON/GeoJSON files found for source 'LstD Hav i balans'.
01:28:09  INFO     ğŸ”„ Processing source: LstD Levande sjÃ¶ar och vattendrag (Authority: LSTD)
01:28:09  INFO     ğŸ” Processing source 'LstD Levande sjÃ¶ar och vattendrag': staged_data_type='geojson', normalized='geojson'
01:28:09  WARNING  âš ï¸ Staging directory not found for JSON/GeoJSON source 'LstD Levande sjÃ¶ar och vattendrag': C:\Git\ETL-pipeline\data\staging\LSTD\lstd_levande_sjoar_och_vattendrag
01:28:09  INFO     ğŸ”„ Processing source: LstD Levande skogar (Authority: LSTD)
01:28:09  INFO     ğŸ” Processing source 'LstD Levande skogar': staged_data_type='geojson', normalized='geojson'
01:28:09  INFO     ğŸŒ Found 1 JSON/GeoJSON file(s) for source 'LstD Levande skogar'.
01:28:10  INFO     ğŸ” Detected geometry types in lstd_gi_vardekarnor_adellovmiljoer_inkl_skyddsvarda_trad.geojson: {'Polygon'}
01:28:10  INFO     ğŸ” Mapping Polygon â†’ POLYGON for lstd_gi_vardekarnor_adellovmiljoer_inkl_skyddsvarda_trad.geojson
01:28:10  INFO     ğŸ“ Detected geometry type: POLYGON for lstd_gi_vardekarnor_adellovmiljoer_inkl_skyddsvarda_trad.geojson
01:28:10  INFO     ğŸ“¥ Converting JSON/GeoJSON ('lstd_gi_vardekarnor_adellovmiljoer_inkl_skyddsvarda_trad.geojson') â†’ GDB:/'lstd_gi_vardekarnor_adellovmiljoer_inkl_skyddsvarda_trad_polygon' (Authority: 'LSTD', Geom: POLYGON)
01:29:20  INFO     âœ… SUCCESS: Created FC 'lstd_gi_vardekarnor_adellovmiljoer_inkl_skyddsvarda_trad_polygon' with 2783 records, geometry type: Polygon
01:29:20  INFO        ğŸ“„ JSON âœ staged : lstd_gi_vardekarnor_adellovmiljoer_inkl_skyddsvarda_trad_polygon
01:29:20  INFO     ğŸ”„ Processing source: LstD Klimat (Authority: LSTD)
01:29:20  INFO     ğŸ” Processing source 'LstD Klimat': staged_data_type='geojson', normalized='geojson'
01:29:20  WARNING  âš ï¸ Staging directory not found for JSON/GeoJSON source 'LstD Klimat': C:\Git\ETL-pipeline\data\staging\LSTD\lstd_klimat
01:29:20  INFO     ğŸ”„ Processing source: LstD KulturmiljÃ¶ (Authority: LSTD)
01:29:20  INFO     ğŸ” Processing source 'LstD KulturmiljÃ¶': staged_data_type='geojson', normalized='geojson'
01:29:20  INFO     ğŸŒ Found 1 JSON/GeoJSON file(s) for source 'LstD KulturmiljÃ¶'.
01:29:20  INFO     ğŸ” Detected geometry types in lstd_anmalningsplikt_enligt_kml_3_6.geojson: {'Polygon'}
01:29:20  INFO     ğŸ” Mapping Polygon â†’ POLYGON for lstd_anmalningsplikt_enligt_kml_3_6.geojson
01:29:20  INFO     ğŸ“ Detected geometry type: POLYGON for lstd_anmalningsplikt_enligt_kml_3_6.geojson
01:29:20  INFO     ğŸ“¥ Converting JSON/GeoJSON ('lstd_anmalningsplikt_enligt_kml_3_6.geojson') â†’ GDB:/'lstd_anmalningsplikt_enligt_kml_3_6_polygon' (Authority: 'LSTD', Geom: POLYGON)
01:29:21  INFO     âœ… SUCCESS: Created FC 'lstd_anmalningsplikt_enligt_kml_3_6_polygon' with 68 records, geometry type: Polygon
01:29:21  INFO        ğŸ“„ JSON âœ staged : lstd_anmalningsplikt_enligt_kml_3_6_polygon
01:29:21  INFO     ğŸ”„ Processing source: LstD Markavvattning (Authority: LSTD)
01:29:21  INFO     ğŸ” Processing source 'LstD Markavvattning': staged_data_type='geojson', normalized='geojson'
01:29:21  WARNING  âš ï¸ Staging directory not found for JSON/GeoJSON source 'LstD Markavvattning': C:\Git\ETL-pipeline\data\staging\LSTD\lstd_markavvattning
01:29:21  INFO     ğŸ”„ Processing source: LstD Markstabilitet (Authority: LSTD)
01:29:21  INFO     ğŸ” Processing source 'LstD Markstabilitet': staged_data_type='geojson', normalized='geojson'
01:29:21  INFO     ğŸŒ Found 1 JSON/GeoJSON file(s) for source 'LstD Markstabilitet'.
01:29:21  INFO     ğŸ” Detected geometry types in lstd_msb_oversiktlig_stabilitetskartering_-_90-talet_-_finkorniga_jordarter.geojson: {'Polygon'}
01:29:21  INFO     ğŸ” Mapping Polygon â†’ POLYGON for lstd_msb_oversiktlig_stabilitetskartering_-_90-talet_-_finkorniga_jordarter.geojson
01:29:21  INFO     ğŸ“ Detected geometry type: POLYGON for lstd_msb_oversiktlig_stabilitetskartering_-_90-talet_-_finkorniga_jordarter.geojson
01:29:21  INFO     ğŸ“¥ Converting JSON/GeoJSON ('lstd_msb_oversiktlig_stabilitetskartering_-_90-talet_-_finkorniga_jordarter.geojson') â†’ GDB:/'lstd_msb_oversiktlig_stabilitetskartering_90_talet_finkorniga_jordarter_polygon' (Authority: 'LSTD', Geom: POLYGON)
01:29:22  INFO     âœ… SUCCESS: Created FC 'lstd_msb_oversiktlig_stabilitetskartering_90_talet_finkorniga_jordarter_polygon' with 52 records, geometry type: Polygon
01:29:22  INFO        ğŸ“„ JSON âœ staged : lstd_msb_oversiktlig_stabilitetskartering_90_talet_finkorniga_jordarter_polygon
01:29:22  INFO     ğŸ”„ Processing source: LstD NaturkartlÃ¤ggning (Authority: LSTD)
01:29:22  INFO     ğŸ” Processing source 'LstD NaturkartlÃ¤ggning': staged_data_type='geojson', normalized='geojson'
01:29:22  INFO     ğŸŒ Found 1 JSON/GeoJSON file(s) for source 'LstD NaturkartlÃ¤ggning'.
01:29:22  INFO     ğŸ” Detected geometry types in lstd_sormlands_natur_-_naturvardsprogram_1991.geojson: {'Polygon'}
01:29:22  INFO     ğŸ” Mapping Polygon â†’ POLYGON for lstd_sormlands_natur_-_naturvardsprogram_1991.geojson
01:29:22  INFO     ğŸ“ Detected geometry type: POLYGON for lstd_sormlands_natur_-_naturvardsprogram_1991.geojson
01:29:22  INFO     ğŸ“¥ Converting JSON/GeoJSON ('lstd_sormlands_natur_-_naturvardsprogram_1991.geojson') â†’ GDB:/'lstd_sormlands_natur_naturvardsprogram_1991_polygon' (Authority: 'LSTD', Geom: POLYGON)
01:29:23  INFO     âœ… SUCCESS: Created FC 'lstd_sormlands_natur_naturvardsprogram_1991_polygon' with 245 records, geometry type: Polygon
01:29:23  INFO        ğŸ“„ JSON âœ staged : lstd_sormlands_natur_naturvardsprogram_1991_polygon
01:29:23  INFO     ğŸ”„ Processing source: LstD Skog och trÃ¤d (Authority: LSTD)
01:29:23  INFO     ğŸ” Processing source 'LstD Skog och trÃ¤d': staged_data_type='geojson', normalized='geojson'
01:29:23  WARNING  âš ï¸ Staging directory not found for JSON/GeoJSON source 'LstD Skog och trÃ¤d': C:\Git\ETL-pipeline\data\staging\LSTD\lstd_skog_och_trad
01:29:23  INFO     ğŸ”„ Processing source: LstD GI VÃ¤rdetrakter vÃ¥tmark (Authority: LSTD)
01:29:23  INFO     ğŸ” Processing source 'LstD GI VÃ¤rdetrakter vÃ¥tmark': staged_data_type='geojson', normalized='geojson'
01:29:23  INFO     ğŸŒ Found 1 JSON/GeoJSON file(s) for source 'LstD GI VÃ¤rdetrakter vÃ¥tmark'.
01:29:23  INFO     ğŸ” Detected geometry types in lstd_gi_vardetrakter_vatmark.geojson: {'Polygon'}
01:29:23  INFO     ğŸ” Mapping Polygon â†’ POLYGON for lstd_gi_vardetrakter_vatmark.geojson
01:29:23  INFO     ğŸ“ Detected geometry type: POLYGON for lstd_gi_vardetrakter_vatmark.geojson
01:29:23  INFO     ğŸ“¥ Converting JSON/GeoJSON ('lstd_gi_vardetrakter_vatmark.geojson') â†’ GDB:/'lstd_gi_vardetrakter_vatmark_polygon' (Authority: 'LSTD', Geom: POLYGON)
01:29:24  INFO     âœ… SUCCESS: Created FC 'lstd_gi_vardetrakter_vatmark_polygon' with 7 records, geometry type: Polygon
01:29:24  INFO        ğŸ“„ JSON âœ staged : lstd_gi_vardetrakter_vatmark_polygon
01:29:24  INFO     ğŸ”„ Processing source: LstD Strandskydd (Authority: LSTD)
01:29:24  INFO     ğŸ” Processing source 'LstD Strandskydd': staged_data_type='geojson', normalized='geojson'
01:29:24  WARNING  âš ï¸ Staging directory not found for JSON/GeoJSON source 'LstD Strandskydd': C:\Git\ETL-pipeline\data\staging\LSTD\lstd_strandskydd
01:29:24  INFO     ğŸ”„ Processing source: Skyddsrum (Authority: MSB)
01:29:24  INFO     ğŸ” Processing source 'Skyddsrum': staged_data_type='shapefile_collection', normalized='shapefile_collection'
01:29:24  INFO     ğŸ“ Handling shapefile collection source 'Skyddsrum'
01:29:24  INFO     Found 1 item(s) to process for source 'Skyddsrum'
01:29:24  INFO     ğŸ“ Found 1 shapefile(s) in item dir 'skyddsrum'.
01:29:24  INFO     ğŸ“¥ Copying SHP ('Skyddsrum.shp') â†’ GDB:/'msb_skyddsrum' (Authority: 'MSB')
01:29:28  INFO     âœ… SUCCESS: Copied shapefile 'Skyddsrum.shp' to 'msb_skyddsrum'
01:29:28  INFO     ğŸ”„ Processing source: Riksintresse KulturmiljÃ¶vÃ¥rd MB3kap6 (Authority: RAA)
01:29:28  INFO     ğŸ” Processing source 'Riksintresse KulturmiljÃ¶vÃ¥rd MB3kap6': staged_data_type='gpkg', normalized='gpkg'
01:29:28  INFO     ğŸ“¦ Source 'Riksintresse KulturmiljÃ¶vÃ¥rd MB3kap6' configured for GPKG - using GPKG loader exclusively
01:29:28  INFO     ğŸ“¦ Processing GeoPackage: riksintresse_kulturmiljovard_mb3kap6.gpkg (Authority: 'RAA', Include Filter: None)
01:29:30  INFO     Found 1 feature classes in riksintresse_kulturmiljovard_mb3kap6.gpkg: ['main.raa_raa_ri_kulturmiljovard_mb3kap6']
01:29:30  INFO     ğŸ“¦ Processing 1 valid feature classes from riksintresse_kulturmiljovard_mb3kap6.gpkg
01:29:30  INFO     Stripped 'main.' from 'main.raa_raa_ri_kulturmiljovard_mb3kap6' â†’ 'raa_raa_ri_kulturmiljovard_mb3kap6' for output naming
01:29:30  INFO     ğŸ“¥ Copying GPKG FC ('main.raa_raa_ri_kulturmiljovard_mb3kap6') â†’ GDB:/'raa_raa_ri_kulturmiljovard_mb3kap6'
01:29:31  INFO     âœ… SUCCESS: Copied GPKG FC 'main.raa_raa_ri_kulturmiljovard_mb3kap6' to 'raa_raa_ri_kulturmiljovard_mb3kap6'
01:29:31  INFO        ğŸ“„ GPKG âœ staged : raa_raa_ri_kulturmiljovard_mb3kap6
01:29:31  INFO     ğŸ”„ Processing source: RAA Byggnader Sverige (Authority: RAA)
01:29:31  INFO     ğŸ” Processing source 'RAA Byggnader Sverige': staged_data_type='gpkg', normalized='gpkg'
01:29:31  INFO     ğŸ“¦ Source 'RAA Byggnader Sverige' configured for GPKG - using GPKG loader exclusively
01:29:31  INFO     ğŸ“¦ Processing GeoPackage: raa_byggnader_sverige.gpkg (Authority: 'RAA', Include Filter: ['byggnader_sverige_point'])
01:29:32  INFO     Found 3 feature classes in raa_byggnader_sverige.gpkg: ['main.byggnader_sverige_linestring', 'main.byggnader_sverige_point', 'main.byggnader_sverige_polygon']
01:29:32  INFO     Normalized include filter for raa_byggnader_sverige.gpkg: {'byggnader_sverige_point'}
01:29:32  INFO     â­ï¸ Excluding GPKG FC 'main.byggnader_sverige_linestring' (not in include filter)
01:29:32  INFO     âœ… Including GPKG FC 'main.byggnader_sverige_point' (matches filter)
01:29:32  INFO     â­ï¸ Excluding GPKG FC 'main.byggnader_sverige_polygon' (not in include filter)
01:29:32  INFO     ğŸ“¦ After applying include filter: 1 feature classes remain
01:29:32  INFO     ğŸ“¦ Processing 1 valid feature classes from raa_byggnader_sverige.gpkg
01:29:32  INFO     âœ… GPKG FC 'main.byggnader_sverige_point' (normalized: 'byggnader_sverige_point') is in include filter. Proceeding.
01:29:32  INFO     Stripped 'main.' from 'main.byggnader_sverige_point' â†’ 'byggnader_sverige_point' for output naming
01:29:32  INFO     ğŸ“¥ Copying GPKG FC ('main.byggnader_sverige_point') â†’ GDB:/'raa_byggnader_sverige_point'
01:29:45  INFO     âœ… SUCCESS: Copied GPKG FC 'main.byggnader_sverige_point' to 'raa_byggnader_sverige_point'
01:29:45  INFO        ğŸ“„ GPKG âœ staged : raa_byggnader_sverige_point
01:29:45  INFO     ğŸ”„ Processing source: Enskilda och statliga byggnadsminnen, skyddsomrÃ¥den (Authority: RAA)
01:29:45  INFO     ğŸ” Processing source 'Enskilda och statliga byggnadsminnen, skyddsomrÃ¥den': staged_data_type='gpkg', normalized='gpkg'
01:29:45  INFO     ğŸ“¦ Source 'Enskilda och statliga byggnadsminnen, skyddsomrÃ¥den' configured for GPKG - using GPKG loader exclusively
01:29:45  INFO     ğŸ“¦ Processing GeoPackage: enskilda_och_statliga_byggnadsminnen_skyddsomraden.gpkg (Authority: 'RAA', Include Filter: ['skyddsomrade_byggnadsminne_sverige_polygon'])
01:29:46  INFO     Found 3 feature classes in enskilda_och_statliga_byggnadsminnen_skyddsomraden.gpkg: ['main.skyddsomrade_byggnadsminne_sverige_linestring', 'main.skyddsomrade_byggnadsminne_sverige_point', 'main.skyddsomrade_byggnadsminne_sverige_polygon']
01:29:46  INFO     Normalized include filter for enskilda_och_statliga_byggnadsminnen_skyddsomraden.gpkg: {'skyddsomrade_byggnadsminne_sverige_polygon'}
01:29:46  INFO     â­ï¸ Excluding GPKG FC 'main.skyddsomrade_byggnadsminne_sverige_linestring' (not in include filter)
01:29:46  INFO     â­ï¸ Excluding GPKG FC 'main.skyddsomrade_byggnadsminne_sverige_point' (not in include filter)
01:29:46  INFO     âœ… Including GPKG FC 'main.skyddsomrade_byggnadsminne_sverige_polygon' (matches filter)
01:29:46  INFO     ğŸ“¦ After applying include filter: 1 feature classes remain
01:29:46  INFO     ğŸ“¦ Processing 1 valid feature classes from enskilda_och_statliga_byggnadsminnen_skyddsomraden.gpkg
01:29:46  INFO     âœ… GPKG FC 'main.skyddsomrade_byggnadsminne_sverige_polygon' (normalized: 'skyddsomrade_byggnadsminne_sverige_polygon') is in include filter. Proceeding.
01:29:46  INFO     Stripped 'main.' from 'main.skyddsomrade_byggnadsminne_sverige_polygon' â†’ 'skyddsomrade_byggnadsminne_sverige_polygon' for output naming
01:29:46  INFO     ğŸ“¥ Copying GPKG FC ('main.skyddsomrade_byggnadsminne_sverige_polygon') â†’ GDB:/'raa_skyddsomrade_byggnadsminne_sverige_polygon'
01:29:47  INFO     âœ… SUCCESS: Copied GPKG FC 'main.skyddsomrade_byggnadsminne_sverige_polygon' to 'raa_skyddsomrade_byggnadsminne_sverige_polygon'
01:29:47  INFO        ğŸ“„ GPKG âœ staged : raa_skyddsomrade_byggnadsminne_sverige_polygon
01:29:47  INFO     ğŸ”„ Processing source: Kulturhistoriska lÃ¤mningar, SÃ¶dermanland (Authority: RAA)
01:29:47  INFO     ğŸ” Processing source 'Kulturhistoriska lÃ¤mningar, SÃ¶dermanland': staged_data_type='gpkg', normalized='gpkg'
01:29:47  INFO     ğŸ“¦ Source 'Kulturhistoriska lÃ¤mningar, SÃ¶dermanland' configured for GPKG - using GPKG loader exclusively
01:29:47  INFO     ğŸ“¦ Processing GeoPackage: kulturhistoriska_lamningar_sodermanland.gpkg (Authority: 'RAA', Include Filter: None)
01:29:48  INFO     Found 3 feature classes in kulturhistoriska_lamningar_sodermanland.gpkg: ['main.lÃ¤mningar_lÃ¤n_sÃ¶dermanland_linestring', 'main.lÃ¤mningar_lÃ¤n_sÃ¶dermanland_point', 'main.lÃ¤mningar_lÃ¤n_sÃ¶dermanland_polygon']
01:29:49  INFO     ğŸ“¦ Processing 3 valid feature classes from kulturhistoriska_lamningar_sodermanland.gpkg
01:29:49  INFO     Stripped 'main.' from 'main.lÃ¤mningar_lÃ¤n_sÃ¶dermanland_linestring' â†’ 'lÃ¤mningar_lÃ¤n_sÃ¶dermanland_linestring' for output naming
01:29:49  INFO     ğŸ“¥ Copying GPKG FC ('main.lÃ¤mningar_lÃ¤n_sÃ¶dermanland_linestring') â†’ GDB:/'raa_lamningar_lan_sodermanland_linestring'
01:29:49  INFO     âœ… SUCCESS: Copied GPKG FC 'main.lÃ¤mningar_lÃ¤n_sÃ¶dermanland_linestring' to 'raa_lamningar_lan_sodermanland_linestring'
01:29:49  INFO        ğŸ“„ GPKG âœ staged : raa_lamningar_lan_sodermanland_linestring
01:29:50  INFO     Stripped 'main.' from 'main.lÃ¤mningar_lÃ¤n_sÃ¶dermanland_point' â†’ 'lÃ¤mningar_lÃ¤n_sÃ¶dermanland_point' for output naming
01:29:50  INFO     ğŸ“¥ Copying GPKG FC ('main.lÃ¤mningar_lÃ¤n_sÃ¶dermanland_point') â†’ GDB:/'raa_lamningar_lan_sodermanland_point'
01:29:54  INFO     âœ… SUCCESS: Copied GPKG FC 'main.lÃ¤mningar_lÃ¤n_sÃ¶dermanland_point' to 'raa_lamningar_lan_sodermanland_point'
01:29:54  INFO        ğŸ“„ GPKG âœ staged : raa_lamningar_lan_sodermanland_point
01:29:54  INFO     Stripped 'main.' from 'main.lÃ¤mningar_lÃ¤n_sÃ¶dermanland_polygon' â†’ 'lÃ¤mningar_lÃ¤n_sÃ¶dermanland_polygon' for output naming
01:29:55  INFO     ğŸ“¥ Copying GPKG FC ('main.lÃ¤mningar_lÃ¤n_sÃ¶dermanland_polygon') â†’ GDB:/'raa_lamningar_lan_sodermanland_polygon'
01:29:57  INFO     âœ… SUCCESS: Copied GPKG FC 'main.lÃ¤mningar_lÃ¤n_sÃ¶dermanland_polygon' to 'raa_lamningar_lan_sodermanland_polygon'
01:29:57  INFO        ğŸ“„ GPKG âœ staged : raa_lamningar_lan_sodermanland_polygon
01:29:57  INFO     ğŸ”„ Processing source: RAA VÃ¤rldsarv i Sverige (Authority: RAA)
01:29:57  INFO     ğŸ” Processing source 'RAA VÃ¤rldsarv i Sverige': staged_data_type='gpkg', normalized='gpkg'
01:29:57  INFO     ğŸ“¦ Source 'RAA VÃ¤rldsarv i Sverige' configured for GPKG - using GPKG loader exclusively
01:29:57  INFO     ğŸ“¦ Processing GeoPackage: raa_varldsarv_i_sverige.gpkg (Authority: 'RAA', Include Filter: ['varldsarv_sverige_polygon'])
01:29:58  INFO     Found 3 feature classes in raa_varldsarv_i_sverige.gpkg: ['main.varldsarv_sverige_linestring', 'main.varldsarv_sverige_point', 'main.varldsarv_sverige_polygon']
01:29:58  INFO     Normalized include filter for raa_varldsarv_i_sverige.gpkg: {'varldsarv_sverige_polygon'}
01:29:58  INFO     â­ï¸ Excluding GPKG FC 'main.varldsarv_sverige_linestring' (not in include filter)
01:29:58  INFO     â­ï¸ Excluding GPKG FC 'main.varldsarv_sverige_point' (not in include filter)
01:29:58  INFO     âœ… Including GPKG FC 'main.varldsarv_sverige_polygon' (matches filter)
01:29:58  INFO     ğŸ“¦ After applying include filter: 1 feature classes remain
01:29:58  INFO     ğŸ“¦ Processing 1 valid feature classes from raa_varldsarv_i_sverige.gpkg
01:29:58  INFO     âœ… GPKG FC 'main.varldsarv_sverige_polygon' (normalized: 'varldsarv_sverige_polygon') is in include filter. Proceeding.
01:29:58  INFO     Stripped 'main.' from 'main.varldsarv_sverige_polygon' â†’ 'varldsarv_sverige_polygon' for output naming
01:29:58  INFO     ğŸ“¥ Copying GPKG FC ('main.varldsarv_sverige_polygon') â†’ GDB:/'raa_varldsarv_sverige_polygon'
01:29:59  INFO     âœ… SUCCESS: Copied GPKG FC 'main.varldsarv_sverige_polygon' to 'raa_varldsarv_sverige_polygon'
01:29:59  INFO        ğŸ“„ GPKG âœ staged : raa_varldsarv_sverige_polygon
01:29:59  INFO     ğŸ”„ Processing source: IntrÃ¤ffade skred, ras och Ã¶vriga jordrÃ¶relser (skreddatabas) (Authority: SGI)
01:29:59  INFO     ğŸ” Processing source 'IntrÃ¤ffade skred, ras och Ã¶vriga jordrÃ¶relser (skreddatabas)': staged_data_type='shapefile_collection', normalized='shapefile_collection'
01:29:59  INFO     ğŸ“ Handling shapefile collection source 'IntrÃ¤ffade skred, ras och Ã¶vriga jordrÃ¶relser (skreddatabas)'
01:29:59  INFO     Found 1 item(s) to process for source 'IntrÃ¤ffade skred, ras och Ã¶vriga jordrÃ¶relser (skreddatabas)'
01:29:59  INFO     ğŸ“ Found 1 shapefile(s) in item dir 'intraffade_skred_ras_och_ovriga_jordrorelser_skreddatabas'.
01:29:59  INFO     ğŸ“¥ Copying SHP ('SGI_Skreddatabas_ver2.shp') â†’ GDB:/'sgi_skreddatabas_ver2' (Authority: 'SGI')
01:30:00  INFO     âœ… SUCCESS: Copied shapefile 'SGI_Skreddatabas_ver2.shp' to 'sgi_skreddatabas_ver2'
01:30:00  INFO     ğŸ”„ Processing source: Erosion (Authority: SGU)
01:30:00  INFO     ğŸ” Processing source 'Erosion': staged_data_type='geojson', normalized='geojson'
01:30:00  INFO     â„¹ï¸ No JSON/GeoJSON files found for source 'Erosion'.
01:30:00  INFO     ğŸ”„ Processing source: Brunnar (Authority: SGU)
01:30:00  INFO     ğŸ” Processing source 'Brunnar': staged_data_type='geojson', normalized='geojson'
01:30:00  INFO     ğŸŒ Found 1 JSON/GeoJSON file(s) for source 'Brunnar'.
01:30:01  INFO     ğŸ” Detected geometry types in brunnar.geojson: {'Point'}
01:30:01  INFO     ğŸ” Mapping Point â†’ POINT for brunnar.geojson
01:30:01  INFO     ğŸ“ Detected geometry type: POINT for brunnar.geojson
01:30:01  INFO     ğŸ“¥ Converting JSON/GeoJSON ('brunnar.geojson') â†’ GDB:/'sgu_brunnar_point' (Authority: 'SGU', Geom: POINT)
01:30:05  INFO     âœ… SUCCESS: Created FC 'sgu_brunnar_point' with 19579 records, geometry type: Point
01:30:05  INFO        ğŸ“„ JSON âœ staged : sgu_brunnar_point
01:30:05  INFO     ğŸ”„ Processing source: Jordskred och raviner (Authority: SGU)
01:30:05  INFO     ğŸ” Processing source 'Jordskred och raviner': staged_data_type='geojson', normalized='geojson'
01:30:05  INFO     ğŸŒ Found 1 JSON/GeoJSON file(s) for source 'Jordskred och raviner'.
01:30:05  INFO     ğŸ” Detected geometry types in jordskred-raviner.geojson: {'LineString'}
01:30:05  INFO     ğŸ” Mapping LineString â†’ POLYLINE for jordskred-raviner.geojson
01:30:05  INFO     ğŸ“ Detected geometry type: POLYLINE for jordskred-raviner.geojson
01:30:05  INFO     ğŸ“¥ Converting JSON/GeoJSON ('jordskred-raviner.geojson') â†’ GDB:/'sgu_jordskred_raviner_polyline' (Authority: 'SGU', Geom: POLYLINE)
01:30:06  INFO     âœ… SUCCESS: Created FC 'sgu_jordskred_raviner_polyline' with 48 records, geometry type: Polyline
01:30:06  INFO        ğŸ“„ JSON âœ staged : sgu_jordskred_raviner_polyline
01:30:06  INFO     ğŸ”„ Processing source: Grus Krossberg (Authority: SGU)
01:30:06  INFO     ğŸ” Processing source 'Grus Krossberg': staged_data_type='geojson', normalized='geojson'
01:30:06  WARNING  âš ï¸ Staging directory not found for JSON/GeoJSON source 'Grus Krossberg': C:\Git\ETL-pipeline\data\staging\SGU\grus_krossberg
01:30:06  INFO     ğŸ”„ Processing source: Jordbruksblock (2024) (Authority: SJV)
01:30:06  INFO     ğŸ” Processing source 'Jordbruksblock (2024)': staged_data_type='geojson', normalized='geojson'
01:30:06  INFO     ğŸŒ Found 1 JSON/GeoJSON file(s) for source 'Jordbruksblock (2024)'.
01:30:09  INFO     ğŸ” Detected geometry types in sjv_jordbruksblock_2024.geojson: {'Polygon'}
01:30:09  INFO     ğŸ” Mapping Polygon â†’ POLYGON for sjv_jordbruksblock_2024.geojson
01:30:09  INFO     ğŸ“ Detected geometry type: POLYGON for sjv_jordbruksblock_2024.geojson
01:30:09  INFO     ğŸ“¥ Converting JSON/GeoJSON ('sjv_jordbruksblock_2024.geojson') â†’ GDB:/'sjv_jordbruksblock_2024_polygon' (Authority: 'SJV', Geom: POLYGON)
01:30:29  INFO     âœ… SUCCESS: Created FC 'sjv_jordbruksblock_2024_polygon' with 18581 records, geometry type: Polygon
01:30:29  INFO        ğŸ“„ JSON âœ staged : sjv_jordbruksblock_2024_polygon
01:30:29  INFO     ğŸ”„ Processing source: Jordbruksskiften (senaste Ã¥ret) (Authority: SJV)
01:30:29  INFO     ğŸ” Processing source 'Jordbruksskiften (senaste Ã¥ret)': staged_data_type='geojson', normalized='geojson'
01:30:29  WARNING  âš ï¸ Staging directory not found for JSON/GeoJSON source 'Jordbruksskiften (senaste Ã¥ret)': C:\Git\ETL-pipeline\data\staging\SJV\jordbruksskiften_senaste_aret
01:30:29  INFO     ğŸ”„ Processing source: Produktionsplatser fÃ¶r djurhÃ¥llning (Authority: SJV)
01:30:29  INFO     ğŸ” Processing source 'Produktionsplatser fÃ¶r djurhÃ¥llning': staged_data_type='geojson', normalized='geojson'
01:30:29  WARNING  âš ï¸ Staging directory not found for JSON/GeoJSON source 'Produktionsplatser fÃ¶r djurhÃ¥llning': C:\Git\ETL-pipeline\data\staging\SJV\produktionsplatser_for_djurhallning
01:30:29  INFO     ğŸ”„ Processing source: Ã„ngs- och betesmarksinventeringen (Authority: SJV)
01:30:29  INFO     ğŸ” Processing source 'Ã„ngs- och betesmarksinventeringen': staged_data_type='geojson', normalized='geojson'
01:30:29  WARNING  âš ï¸ Staging directory not found for JSON/GeoJSON source 'Ã„ngs- och betesmarksinventeringen': C:\Git\ETL-pipeline\data\staging\SJV\angs-_och_betesmarksinventeringen
01:30:29  INFO     ğŸ”„ Processing source: NaturvÃ¤rden (Authority: SKS)
01:30:29  INFO     ğŸ” Processing source 'NaturvÃ¤rden': staged_data_type='gpkg', normalized='gpkg'
01:30:29  INFO     ğŸ“¦ Source 'NaturvÃ¤rden' configured for GPKG - using GPKG loader exclusively
01:30:29  WARNING  âš ï¸ No GPKG file found for source 'NaturvÃ¤rden' in dir C:\Git\ETL-pipeline\data\staging\SKS\naturvarden
01:30:29  INFO     ğŸ”„ Processing source: Ras och skred (Authority: SKS)
01:30:29  INFO     ğŸ” Processing source 'Ras och skred': staged_data_type='gpkg', normalized='gpkg'
01:30:29  INFO     ğŸ“¦ Source 'Ras och skred' configured for GPKG - using GPKG loader exclusively
01:30:29  WARNING  âš ï¸ Staging directory not found for GPKG source 'Ras och skred': C:\Git\ETL-pipeline\data\staging\SKS\ras_och_skred
01:30:29  INFO     ğŸ”„ Processing source: Skogsstyrelsen - Biotopskydd (REST) (Authority: SKS)
01:30:29  INFO     ğŸ” Processing source 'Skogsstyrelsen - Biotopskydd (REST)': staged_data_type='geojson', normalized='geojson'
01:30:29  INFO     ğŸŒ Found 1 JSON/GeoJSON file(s) for source 'Skogsstyrelsen - Biotopskydd (REST)'.
01:30:29  INFO     ğŸ” Detected geometry types in biotopskydd_skogsstyrelsen.geojson: {'Polygon'}
01:30:29  INFO     ğŸ” Mapping Polygon â†’ POLYGON for biotopskydd_skogsstyrelsen.geojson
01:30:29  INFO     ğŸ“ Detected geometry type: POLYGON for biotopskydd_skogsstyrelsen.geojson
01:30:29  INFO     ğŸ“¥ Converting JSON/GeoJSON ('biotopskydd_skogsstyrelsen.geojson') â†’ GDB:/'sks_biotopskydd_skogsstyrelsen_polygon' (Authority: 'SKS', Geom: POLYGON)
01:30:30  INFO     âœ… SUCCESS: Created FC 'sks_biotopskydd_skogsstyrelsen_polygon' with 125 records, geometry type: Polygon
01:30:30  INFO        ğŸ“„ JSON âœ staged : sks_biotopskydd_skogsstyrelsen_polygon
01:30:30  INFO     ğŸ”„ Processing source: UtfÃ¶rda avverkningar (Authority: SKS)
01:30:30  INFO     ğŸ” Processing source 'UtfÃ¶rda avverkningar': staged_data_type='geojson', normalized='geojson'
01:30:30  WARNING  âš ï¸ Staging directory not found for JSON/GeoJSON source 'UtfÃ¶rda avverkningar': C:\Git\ETL-pipeline\data\staging\SKS\utforda_avverkningar
01:30:30  INFO     ğŸ”„ Processing source: NaturvÃ¥rdsavtal (Authority: SKS)
01:30:30  INFO     ğŸ” Processing source 'NaturvÃ¥rdsavtal': staged_data_type='geojson', normalized='geojson'
01:30:30  INFO     ğŸŒ Found 1 JSON/GeoJSON file(s) for source 'NaturvÃ¥rdsavtal'.
01:30:30  INFO     ğŸ” Detected geometry types in naturvardsavtal_skogsstyrelsen.geojson: {'Polygon', 'MultiPolygon'}
01:30:30  WARNING  âš ï¸ Mixed geometry types found in naturvardsavtal_skogsstyrelsen.geojson: {'Polygon', 'MultiPolygon'}. Using POLYGON as default.
01:30:30  INFO     ğŸ“ Detected geometry type: POLYGON for naturvardsavtal_skogsstyrelsen.geojson
01:30:30  INFO     ğŸ“¥ Converting JSON/GeoJSON ('naturvardsavtal_skogsstyrelsen.geojson') â†’ GDB:/'sks_naturvardsavtal_skogsstyrelsen_polygon' (Authority: 'SKS', Geom: POLYGON)
01:30:31  INFO     âœ… SUCCESS: Created FC 'sks_naturvardsavtal_skogsstyrelsen_polygon' with 59 records, geometry type: Polygon
01:30:31  INFO        ğŸ“„ JSON âœ staged : sks_naturvardsavtal_skogsstyrelsen_polygon
01:30:31  INFO     ğŸ”„ Processing source: Ã…tervÃ¤tningsavtal (Authority: SKS)
01:30:31  INFO     ğŸ” Processing source 'Ã…tervÃ¤tningsavtal': staged_data_type='geojson', normalized='geojson'
01:30:31  INFO     ğŸŒ Found 1 JSON/GeoJSON file(s) for source 'Ã…tervÃ¤tningsavtal'.
01:30:31  INFO     ğŸ” Detected geometry types in atervatningyta_skogsstyrelsen.geojson: {'Polygon'}
01:30:31  INFO     ğŸ” Mapping Polygon â†’ POLYGON for atervatningyta_skogsstyrelsen.geojson
01:30:31  INFO     ğŸ“ Detected geometry type: POLYGON for atervatningyta_skogsstyrelsen.geojson
01:30:31  INFO     ğŸ“¥ Converting JSON/GeoJSON ('atervatningyta_skogsstyrelsen.geojson') â†’ GDB:/'sks_atervatningyta_skogsstyrelsen_polygon' (Authority: 'SKS', Geom: POLYGON)
01:30:32  INFO     âœ… SUCCESS: Created FC 'sks_atervatningyta_skogsstyrelsen_polygon' with 3 records, geometry type: Polygon
01:30:32  INFO        ğŸ“„ JSON âœ staged : sks_atervatningyta_skogsstyrelsen_polygon
01:30:32  INFO     ğŸ”„ Processing source: Nyckelbiotoper (Authority: SKS)
01:30:32  INFO     ğŸ” Processing source 'Nyckelbiotoper': staged_data_type='geojson', normalized='geojson'
01:30:32  INFO     ğŸŒ Found 1 JSON/GeoJSON file(s) for source 'Nyckelbiotoper'.
01:30:32  INFO     ğŸ” Detected geometry types in nyckelbiotop_skogsstyrelsen.geojson: {'Polygon'}
01:30:32  INFO     ğŸ” Mapping Polygon â†’ POLYGON for nyckelbiotop_skogsstyrelsen.geojson
01:30:32  INFO     ğŸ“ Detected geometry type: POLYGON for nyckelbiotop_skogsstyrelsen.geojson
01:30:32  INFO     ğŸ“¥ Converting JSON/GeoJSON ('nyckelbiotop_skogsstyrelsen.geojson') â†’ GDB:/'sks_nyckelbiotop_skogsstyrelsen_polygon' (Authority: 'SKS', Geom: POLYGON)
01:30:34  INFO     âœ… SUCCESS: Created FC 'sks_nyckelbiotop_skogsstyrelsen_polygon' with 1293 records, geometry type: Polygon
01:30:34  INFO        ğŸ“„ JSON âœ staged : sks_nyckelbiotop_skogsstyrelsen_polygon
01:30:34  INFO     ğŸ”„ Processing source: Sumpskogar (Authority: SKS)
01:30:34  INFO     ğŸ” Processing source 'Sumpskogar': staged_data_type='geojson', normalized='geojson'
01:30:34  INFO     ğŸŒ Found 1 JSON/GeoJSON file(s) for source 'Sumpskogar'.
01:30:34  INFO     ğŸ” Detected geometry types in sumpskog_skogsstyrelsen.geojson: {'Polygon'}
01:30:34  INFO     ğŸ” Mapping Polygon â†’ POLYGON for sumpskog_skogsstyrelsen.geojson
01:30:34  INFO     ğŸ“ Detected geometry type: POLYGON for sumpskog_skogsstyrelsen.geojson
01:30:34  INFO     ğŸ“¥ Converting JSON/GeoJSON ('sumpskog_skogsstyrelsen.geojson') â†’ GDB:/'sks_sumpskog_skogsstyrelsen_polygon' (Authority: 'SKS', Geom: POLYGON)
01:30:36  INFO     âœ… SUCCESS: Created FC 'sks_sumpskog_skogsstyrelsen_polygon' with 2769 records, geometry type: Polygon
01:30:36  INFO        ğŸ“„ JSON âœ staged : sks_sumpskog_skogsstyrelsen_polygon
01:30:36  INFO     ğŸ”„ Processing source: AvverkningsanmÃ¤lda omrÃ¥den (Authority: SKS)
01:30:36  INFO     ğŸ” Processing source 'AvverkningsanmÃ¤lda omrÃ¥den': staged_data_type='geojson', normalized='geojson'
01:30:36  INFO     ğŸŒ Found 1 JSON/GeoJSON file(s) for source 'AvverkningsanmÃ¤lda omrÃ¥den'.
01:30:36  INFO     ğŸ” Detected geometry types in avverkningsanmalan_skogsstyrelsen.geojson: {'Polygon'}
01:30:36  INFO     ğŸ” Mapping Polygon â†’ POLYGON for avverkningsanmalan_skogsstyrelsen.geojson
01:30:36  INFO     ğŸ“ Detected geometry type: POLYGON for avverkningsanmalan_skogsstyrelsen.geojson
01:30:36  INFO     ğŸ“¥ Converting JSON/GeoJSON ('avverkningsanmalan_skogsstyrelsen.geojson') â†’ GDB:/'sks_avverkningsanmalan_skogsstyrelsen_polygon' (Authority: 'SKS', Geom: POLYGON)
01:30:39  INFO     âœ… SUCCESS: Created FC 'sks_avverkningsanmalan_skogsstyrelsen_polygon' with 1337 records, geometry type: Polygon
01:30:39  INFO        ğŸ“„ JSON âœ staged : sks_avverkningsanmalan_skogsstyrelsen_polygon
01:30:39  INFO     ğŸ”„ Processing source: GrÃ¤ns fÃ¶r skogsskyddsbestÃ¤mmelser (Authority: SKS)
01:30:39  INFO     ğŸ” Processing source 'GrÃ¤ns fÃ¶r skogsskyddsbestÃ¤mmelser': staged_data_type='geojson', normalized='geojson'
01:30:39  INFO     ğŸŒ Found 1 JSON/GeoJSON file(s) for source 'GrÃ¤ns fÃ¶r skogsskyddsbestÃ¤mmelser'.
01:30:39  INFO     ğŸ” Detected geometry types in skogsskyddsbestammelser.geojson: {'MultiPolygon'}
01:30:39  INFO     ğŸ” Mapping MultiPolygon â†’ POLYGON for skogsskyddsbestammelser.geojson
01:30:39  INFO     ğŸ“ Detected geometry type: POLYGON for skogsskyddsbestammelser.geojson
01:30:39  INFO     ğŸ“¥ Converting JSON/GeoJSON ('skogsskyddsbestammelser.geojson') â†’ GDB:/'sks_skogsskyddsbestammelser_polygon' (Authority: 'SKS', Geom: POLYGON)
01:30:40  INFO     âœ… SUCCESS: Created FC 'sks_skogsskyddsbestammelser_polygon' with 1 records, geometry type: Polygon
01:30:40  INFO        ğŸ“„ JSON âœ staged : sks_skogsskyddsbestammelser_polygon
01:30:40  INFO     ğŸ”„ Processing source: Nyckelbiotoper - storskogsbruket (Authority: SKS)
01:30:40  INFO     ğŸ” Processing source 'Nyckelbiotoper - storskogsbruket': staged_data_type='geojson', normalized='geojson'
01:30:40  INFO     ğŸŒ Found 1 JSON/GeoJSON file(s) for source 'Nyckelbiotoper - storskogsbruket'.
01:30:40  INFO     ğŸ” Detected geometry types in storskogsbrukets_nyckelbiotoper.geojson: {'Polygon'}
01:30:40  INFO     ğŸ” Mapping Polygon â†’ POLYGON for storskogsbrukets_nyckelbiotoper.geojson
01:30:40  INFO     ğŸ“ Detected geometry type: POLYGON for storskogsbrukets_nyckelbiotoper.geojson
01:30:40  INFO     ğŸ“¥ Converting JSON/GeoJSON ('storskogsbrukets_nyckelbiotoper.geojson') â†’ GDB:/'sks_storskogsbrukets_nyckelbiotoper_polygon' (Authority: 'SKS', Geom: POLYGON)
01:30:42  INFO     âœ… SUCCESS: Created FC 'sks_storskogsbrukets_nyckelbiotoper_polygon' with 161 records, geometry type: Polygon
01:30:42  INFO        ğŸ“„ JSON âœ staged : sks_storskogsbrukets_nyckelbiotoper_polygon
01:30:42  INFO     ğŸ”„ Processing source: StamnÃ¤t (Authority: SVK)
01:30:42  INFO     ğŸ” Processing source 'StamnÃ¤t': staged_data_type='shapefile_collection', normalized='shapefile_collection'
01:30:42  INFO     ğŸ“ Handling shapefile collection source 'StamnÃ¤t'
01:30:42  INFO     Found 1 item(s) to process for source 'StamnÃ¤t'
01:30:42  INFO     ğŸ“ Found 4 shapefile(s) in item dir 'stamnat'.
01:30:42  INFO     ğŸ“¥ Copying SHP ('STATIONER.shp') â†’ GDB:/'svk_stationer' (Authority: 'SVK')
01:30:42  INFO     âœ… SUCCESS: Copied shapefile 'STATIONER.shp' to 'svk_stationer'
01:30:43  INFO     ğŸ“¥ Copying SHP ('STATIONSOMRADEN.shp') â†’ GDB:/'svk_stationsomraden' (Authority: 'SVK')
01:30:44  INFO     âœ… SUCCESS: Copied shapefile 'STATIONSOMRADEN.shp' to 'svk_stationsomraden'
01:30:44  INFO     ğŸ“¥ Copying SHP ('SVK_LEDNINGAR.shp') â†’ GDB:/'svk_ledningar' (Authority: 'SVK')
01:30:45  INFO     âœ… SUCCESS: Copied shapefile 'SVK_LEDNINGAR.shp' to 'svk_ledningar'
01:30:45  INFO     ğŸ“¥ Copying SHP ('SVK_STOLPAR.shp') â†’ GDB:/'svk_stolpar' (Authority: 'SVK')
01:30:49  INFO     âœ… SUCCESS: Copied shapefile 'SVK_STOLPAR.shp' to 'svk_stolpar'
01:30:49  INFO     ğŸ”„ Processing source: VÃ¤gar (Authority: TRV)
01:30:49  INFO     ğŸ” Processing source 'VÃ¤gar': staged_data_type='geojson', normalized='geojson'
01:30:49  WARNING  âš ï¸ Staging directory not found for JSON/GeoJSON source 'VÃ¤gar': C:\Git\ETL-pipeline\data\staging\TRV\vagar
01:30:49  INFO     ğŸ”„ Processing source: Ã–vrigt (Authority: TRV)
01:30:49  INFO     ğŸ” Processing source 'Ã–vrigt': staged_data_type='geojson', normalized='geojson'
01:30:49  WARNING  âš ï¸ Staging directory not found for JSON/GeoJSON source 'Ã–vrigt': C:\Git\ETL-pipeline\data\staging\TRV\ovrigt
01:30:49  INFO     âœ… FileGDB loading process completed
01:30:49  INFO     â±ï¸  geoprocessing completed in 0.001s
01:30:52  ERROR    â±ï¸  sde_loading failed after 2.990s: 'ParallelProcessor' object has no attribute 'execute'
01:30:52  ERROR    â±ï¸  pipeline_run failed after 529.244s: 'ParallelProcessor' object has no attribute 'execute'
